run_workspace.sh: stock mode - C-state exits unmanaged, tails not comparable to capped runs
  (CER_BENCH_DMA_LOCK=0: CERULION_CPU_DMA_LOCK is UNSET for the graph, inherited value included;
   no /dev/cpu_dma_latency cap is held)
Rebuilding cerulion binary + workspace cdylibs (release) for iceoryx2 parity...
warning: stripping debug info with `rust-objcopy` failed: signal: 6 (SIGABRT)
  |
  = note: dyld[98544]: Library not loaded: @rpath/libLLVM.dylib
            Referenced from: <AC0D75A8-23BF-301F-B7CE-3E5CC0C1BC06> <BOXHOME>/.rustup/toolchains/stable-aarch64-apple-darwin/lib/rustlib/aarch64-apple-darwin/bin/rust-objcopy
            Reason: tried: '<BOXHOME>/.rustup/toolchains/stable-aarch64-apple-darwin/lib/rustlib/aarch64-apple-darwin/bin/../lib/libLLVM.dylib' (no such file), '<BOXHOME>/.rustup/toolchains/stable-aarch64-apple-darwin/lib/rustlib/aarch64-apple-darwin/bin/../lib/libLLVM.dylib' (no such file), '<BOXHOME>/lanes/platform-20260917T000530Z/repo/target/release/deps/libLLVM.dylib' (no such file), '<BOXHOME>/lib/libLLVM.dylib' (no such file), '/usr/local/lib/libLLVM.dylib' (no such file), '/usr/lib/libLLVM.dylib' (no such file, not in dyld cache)
          

warning: `cerulion_macros` (lib) generated 1 warning
warning: stripping debug info with `rust-objcopy` failed: signal: 6 (SIGABRT)
  |
  = note: dyld[99324]: Library not loaded: @rpath/libLLVM.dylib
            Referenced from: <AC0D75A8-23BF-301F-B7CE-3E5CC0C1BC06> <BOXHOME>/.rustup/toolchains/stable-aarch64-apple-darwin/lib/rustlib/aarch64-apple-darwin/bin/rust-objcopy
            Reason: tried: '<BOXHOME>/.rustup/toolchains/stable-aarch64-apple-darwin/lib/rustlib/aarch64-apple-darwin/bin/../lib/libLLVM.dylib' (no such file), '<BOXHOME>/.rustup/toolchains/stable-aarch64-apple-darwin/lib/rustlib/aarch64-apple-darwin/bin/../lib/libLLVM.dylib' (no such file), '<BOXHOME>/lanes/platform-20260917T000530Z/repo/target/release/deps/libLLVM.dylib' (no such file), '<BOXHOME>/lib/libLLVM.dylib' (no such file), '/usr/local/lib/libLLVM.dylib' (no such file), '/usr/lib/libLLVM.dylib' (no such file, not in dyld cache)
          

warning: `native_ros2_messages` (build script) generated 1 warning
warning: native_ros2_messages@0.1.0: message name 'Pose2D' is defined in multiple packages (geometry_msgs, vision_msgs); unqualified references to it are ambiguous - qualify as pkg/Pose2D in .msg files
warning: stripping debug info with `rust-objcopy` failed: signal: 6 (SIGABRT)
  |
  = note: dyld[99716]: Library not loaded: @rpath/libLLVM.dylib
            Referenced from: <AC0D75A8-23BF-301F-B7CE-3E5CC0C1BC06> <BOXHOME>/.rustup/toolchains/stable-aarch64-apple-darwin/lib/rustlib/aarch64-apple-darwin/bin/rust-objcopy
            Reason: tried: '<BOXHOME>/.rustup/toolchains/stable-aarch64-apple-darwin/lib/rustlib/aarch64-apple-darwin/bin/../lib/libLLVM.dylib' (no such file), '<BOXHOME>/.rustup/toolchains/stable-aarch64-apple-darwin/lib/rustlib/aarch64-apple-darwin/bin/../lib/libLLVM.dylib' (no such file), '<BOXHOME>/lanes/platform-20260917T000530Z/repo/target/release/deps/libLLVM.dylib' (no such file), '<BOXHOME>/lib/libLLVM.dylib' (no such file), '/usr/local/lib/libLLVM.dylib' (no such file), '/usr/lib/libLLVM.dylib' (no such file, not in dyld cache)
          

warning: `cerulion_cli` (bin "cerulion") generated 1 warning
    Finished `release` profile [optimized] target(s) in 0.77s
warning: the following packages contain code that will be rejected by a future version of Rust: binrw v0.15.1
note: to see what the problems were, use the option `--future-incompat-report`, or run `cargo report future-incompatibilities --id 1`
warning: stripping debug info with `rust-objcopy` failed: signal: 6 (SIGABRT)
  |
  = note: dyld[1528]: Library not loaded: @rpath/libLLVM.dylib
            Referenced from: <AC0D75A8-23BF-301F-B7CE-3E5CC0C1BC06> <BOXHOME>/.rustup/toolchains/stable-aarch64-apple-darwin/lib/rustlib/aarch64-apple-darwin/bin/rust-objcopy
            Reason: tried: '<BOXHOME>/.rustup/toolchains/stable-aarch64-apple-darwin/lib/rustlib/aarch64-apple-darwin/bin/../lib/libLLVM.dylib' (no such file), '<BOXHOME>/.rustup/toolchains/stable-aarch64-apple-darwin/lib/rustlib/aarch64-apple-darwin/bin/../lib/libLLVM.dylib' (no such file), '<BOXHOME>/lanes/platform-20260917T000530Z/repo/benches/latency/workspace/target/release/deps/libLLVM.dylib' (no such file), '<BOXHOME>/lib/libLLVM.dylib' (no such file), '/usr/local/lib/libLLVM.dylib' (no such file), '/usr/lib/libLLVM.dylib' (no such file, not in dyld cache)
          

warning: `cerulion_macros` (lib) generated 1 warning
warning: stripping debug info with `rust-objcopy` failed: signal: 6 (SIGABRT)
  |
  = note: dyld[1678]: Library not loaded: @rpath/libLLVM.dylib
            Referenced from: <AC0D75A8-23BF-301F-B7CE-3E5CC0C1BC06> <BOXHOME>/.rustup/toolchains/stable-aarch64-apple-darwin/lib/rustlib/aarch64-apple-darwin/bin/rust-objcopy
            Reason: tried: '<BOXHOME>/.rustup/toolchains/stable-aarch64-apple-darwin/lib/rustlib/aarch64-apple-darwin/bin/../lib/libLLVM.dylib' (no such file), '<BOXHOME>/.rustup/toolchains/stable-aarch64-apple-darwin/lib/rustlib/aarch64-apple-darwin/bin/../lib/libLLVM.dylib' (no such file), '<BOXHOME>/lanes/platform-20260917T000530Z/repo/benches/latency/workspace/target/release/deps/libLLVM.dylib' (no such file), '<BOXHOME>/lib/libLLVM.dylib' (no such file), '/usr/local/lib/libLLVM.dylib' (no such file), '/usr/lib/libLLVM.dylib' (no such file, not in dyld cache)
          

warning: stripping debug info with `rust-objcopy` failed: signal: 6 (SIGABRT)
  |
  = note: dyld[1680]: Library not loaded: @rpath/libLLVM.dylib
            Referenced from: <AC0D75A8-23BF-301F-B7CE-3E5CC0C1BC06> <BOXHOME>/.rustup/toolchains/stable-aarch64-apple-darwin/lib/rustlib/aarch64-apple-darwin/bin/rust-objcopy
            Reason: tried: '<BOXHOME>/.rustup/toolchains/stable-aarch64-apple-darwin/lib/rustlib/aarch64-apple-darwin/bin/../lib/libLLVM.dylib' (no such file), '<BOXHOME>/.rustup/toolchains/stable-aarch64-apple-darwin/lib/rustlib/aarch64-apple-darwin/bin/../lib/libLLVM.dylib' (no such file), '<BOXHOME>/lanes/platform-20260917T000530Z/repo/benches/latency/workspace/target/release/deps/libLLVM.dylib' (no such file), '<BOXHOME>/lib/libLLVM.dylib' (no such file), '/usr/local/lib/libLLVM.dylib' (no such file), '/usr/lib/libLLVM.dylib' (no such file, not in dyld cache)
          

warning: `cer_bench_msgs` (build script) generated 1 warning
warning: `native_ros2_messages` (build script) generated 1 warning
warning: native_ros2_messages@0.1.0: message name 'Pose2D' is defined in multiple packages (geometry_msgs, vision_msgs); unqualified references to it are ambiguous - qualify as pkg/Pose2D in .msg files
warning: stripping debug info with `rust-objcopy` failed: signal: 6 (SIGABRT)
  |
  = note: dyld[1811]: Library not loaded: @rpath/libLLVM.dylib
            Referenced from: <AC0D75A8-23BF-301F-B7CE-3E5CC0C1BC06> <BOXHOME>/.rustup/toolchains/stable-aarch64-apple-darwin/lib/rustlib/aarch64-apple-darwin/bin/rust-objcopy
            Reason: tried: '<BOXHOME>/.rustup/toolchains/stable-aarch64-apple-darwin/lib/rustlib/aarch64-apple-darwin/bin/../lib/libLLVM.dylib' (no such file), '<BOXHOME>/.rustup/toolchains/stable-aarch64-apple-darwin/lib/rustlib/aarch64-apple-darwin/bin/../lib/libLLVM.dylib' (no such file), '<BOXHOME>/lanes/platform-20260917T000530Z/repo/benches/latency/workspace/target/release/deps/libLLVM.dylib' (no such file), '<BOXHOME>/lib/libLLVM.dylib' (no such file), '/usr/local/lib/libLLVM.dylib' (no such file), '/usr/lib/libLLVM.dylib' (no such file, not in dyld cache)
          

warning: stripping debug info with `rust-objcopy` failed: signal: 6 (SIGABRT)
  |
  = note: dyld[1866]: Library not loaded: @rpath/libLLVM.dylib
            Referenced from: <AC0D75A8-23BF-301F-B7CE-3E5CC0C1BC06> <BOXHOME>/.rustup/toolchains/stable-aarch64-apple-darwin/lib/rustlib/aarch64-apple-darwin/bin/rust-objcopy
            Reason: tried: '<BOXHOME>/.rustup/toolchains/stable-aarch64-apple-darwin/lib/rustlib/aarch64-apple-darwin/bin/../lib/libLLVM.dylib' (no such file), '<BOXHOME>/.rustup/toolchains/stable-aarch64-apple-darwin/lib/rustlib/aarch64-apple-darwin/bin/../lib/libLLVM.dylib' (no such file), '<BOXHOME>/lanes/platform-20260917T000530Z/repo/benches/latency/workspace/target/release/deps/libLLVM.dylib' (no such file), '<BOXHOME>/lib/libLLVM.dylib' (no such file), '/usr/local/lib/libLLVM.dylib' (no such file), '/usr/lib/libLLVM.dylib' (no such file, not in dyld cache)
          

warning: stripping debug info with `rust-objcopy` failed: signal: 6 (SIGABRT)
  |
  = note: dyld[1892]: Library not loaded: @rpath/libLLVM.dylib
            Referenced from: <AC0D75A8-23BF-301F-B7CE-3E5CC0C1BC06> <BOXHOME>/.rustup/toolchains/stable-aarch64-apple-darwin/lib/rustlib/aarch64-apple-darwin/bin/rust-objcopy
            Reason: tried: '<BOXHOME>/.rustup/toolchains/stable-aarch64-apple-darwin/lib/rustlib/aarch64-apple-darwin/bin/../lib/libLLVM.dylib' (no such file), '<BOXHOME>/.rustup/toolchains/stable-aarch64-apple-darwin/lib/rustlib/aarch64-apple-darwin/bin/../lib/libLLVM.dylib' (no such file), '<BOXHOME>/lanes/platform-20260917T000530Z/repo/benches/latency/workspace/target/release/deps/libLLVM.dylib' (no such file), '<BOXHOME>/lib/libLLVM.dylib' (no such file), '/usr/local/lib/libLLVM.dylib' (no such file), '/usr/lib/libLLVM.dylib' (no such file, not in dyld cache)
          

warning: stripping debug info with `rust-objcopy` failed: signal: 6 (SIGABRT)
  |
  = note: dyld[1798]: Library not loaded: @rpath/libLLVM.dylib
            Referenced from: <AC0D75A8-23BF-301F-B7CE-3E5CC0C1BC06> <BOXHOME>/.rustup/toolchains/stable-aarch64-apple-darwin/lib/rustlib/aarch64-apple-darwin/bin/rust-objcopy
            Reason: tried: '<BOXHOME>/.rustup/toolchains/stable-aarch64-apple-darwin/lib/rustlib/aarch64-apple-darwin/bin/../lib/libLLVM.dylib' (no such file), '<BOXHOME>/.rustup/toolchains/stable-aarch64-apple-darwin/lib/rustlib/aarch64-apple-darwin/bin/../lib/libLLVM.dylib' (no such file), '<BOXHOME>/lanes/platform-20260917T000530Z/repo/benches/latency/workspace/target/release/deps/libLLVM.dylib' (no such file), '<BOXHOME>/lib/libLLVM.dylib' (no such file), '/usr/local/lib/libLLVM.dylib' (no such file), '/usr/lib/libLLVM.dylib' (no such file, not in dyld cache)
          

warning: stripping debug info with `rust-objcopy` failed: signal: 6 (SIGABRT)
  |
  = note: dyld[1842]: Library not loaded: @rpath/libLLVM.dylib
            Referenced from: <AC0D75A8-23BF-301F-B7CE-3E5CC0C1BC06> <BOXHOME>/.rustup/toolchains/stable-aarch64-apple-darwin/lib/rustlib/aarch64-apple-darwin/bin/rust-objcopy
            Reason: tried: '<BOXHOME>/.rustup/toolchains/stable-aarch64-apple-darwin/lib/rustlib/aarch64-apple-darwin/bin/../lib/libLLVM.dylib' (no such file), '<BOXHOME>/.rustup/toolchains/stable-aarch64-apple-darwin/lib/rustlib/aarch64-apple-darwin/bin/../lib/libLLVM.dylib' (no such file), '<BOXHOME>/lanes/platform-20260917T000530Z/repo/benches/latency/workspace/target/release/deps/libLLVM.dylib' (no such file), '<BOXHOME>/lib/libLLVM.dylib' (no such file), '/usr/local/lib/libLLVM.dylib' (no such file), '/usr/lib/libLLVM.dylib' (no such file, not in dyld cache)
          

warning: stripping debug info with `rust-objcopy` failed: signal: 6 (SIGABRT)
  |
  = note: dyld[16371]: Library not loaded: @rpath/libLLVM.dylib
            Referenced from: <AC0D75A8-23BF-301F-B7CE-3E5CC0C1BC06> <BOXHOME>/.rustup/toolchains/stable-aarch64-apple-darwin/lib/rustlib/aarch64-apple-darwin/bin/rust-objcopy
            Reason: tried: '<BOXHOME>/.rustup/toolchains/stable-aarch64-apple-darwin/lib/rustlib/aarch64-apple-darwin/bin/../lib/libLLVM.dylib' (no such file), '<BOXHOME>/.rustup/toolchains/stable-aarch64-apple-darwin/lib/rustlib/aarch64-apple-darwin/bin/../lib/libLLVM.dylib' (no such file), '<BOXHOME>/lanes/platform-20260917T000530Z/repo/benches/latency/workspace/target/release/deps/libLLVM.dylib' (no such file), '<BOXHOME>/lib/libLLVM.dylib' (no such file), '/usr/local/lib/libLLVM.dylib' (no such file), '/usr/lib/libLLVM.dylib' (no such file, not in dyld cache)
          

warning: `pod_pong_node` (lib) generated 1 warning
warning: `latency_node` (lib) generated 1 warning
warning: `pong_node` (lib) generated 1 warning
warning: `pod_latency_node` (lib) generated 1 warning
warning: `pod_ping_node` (lib) generated 1 warning
warning: `ping_node` (lib) generated 1 warning
    Finished `release` profile [optimized] target(s) in 0.31s

leg=split graph=rtt_bench_split msg=variable pacing=fixed100 raw_name=cerulion_workspace_split_chrt0
sizes: 64 256 1024 4096 16384 65536 262144 1048576 4194304 16777216

========================================
  payload=64  pacing=fixed100 rate=100Hz  effective=100.00Hz (period_ms=10)  measured=2000  warmup=100  watchdog=102s
========================================
warning: stripping debug info with `rust-objcopy` failed: signal: 6 (SIGABRT)
  |
  = note: dyld[1528]: Library not loaded: @rpath/libLLVM.dylib
            Referenced from: <AC0D75A8-23BF-301F-B7CE-3E5CC0C1BC06> <BOXHOME>/.rustup/toolchains/stable-aarch64-apple-darwin/lib/rustlib/aarch64-apple-darwin/bin/rust-objcopy
            Reason: tried: '<BOXHOME>/.rustup/toolchains/stable-aarch64-apple-darwin/lib/rustlib/aarch64-apple-darwin/bin/../lib/libLLVM.dylib' (no such file), '<BOXHOME>/.rustup/toolchains/stable-aarch64-apple-darwin/lib/rustlib/aarch64-apple-darwin/bin/../lib/libLLVM.dylib' (no such file), '<BOXHOME>/lanes/platform-20260917T000530Z/repo/benches/latency/workspace/target/release/deps/libLLVM.dylib' (no such file), '<BOXHOME>/lib/libLLVM.dylib' (no such file), '/usr/local/lib/libLLVM.dylib' (no such file), '/usr/lib/libLLVM.dylib' (no such file, not in dyld cache)
          

warning: `cerulion_macros` (lib) generated 1 warning
warning: stripping debug info with `rust-objcopy` failed: signal: 6 (SIGABRT)
  |
  = note: dyld[1680]: Library not loaded: @rpath/libLLVM.dylib
            Referenced from: <AC0D75A8-23BF-301F-B7CE-3E5CC0C1BC06> <BOXHOME>/.rustup/toolchains/stable-aarch64-apple-darwin/lib/rustlib/aarch64-apple-darwin/bin/rust-objcopy
            Reason: tried: '<BOXHOME>/.rustup/toolchains/stable-aarch64-apple-darwin/lib/rustlib/aarch64-apple-darwin/bin/../lib/libLLVM.dylib' (no such file), '<BOXHOME>/.rustup/toolchains/stable-aarch64-apple-darwin/lib/rustlib/aarch64-apple-darwin/bin/../lib/libLLVM.dylib' (no such file), '<BOXHOME>/lanes/platform-20260917T000530Z/repo/benches/latency/workspace/target/release/deps/libLLVM.dylib' (no such file), '<BOXHOME>/lib/libLLVM.dylib' (no such file), '/usr/local/lib/libLLVM.dylib' (no such file), '/usr/lib/libLLVM.dylib' (no such file, not in dyld cache)
          

warning: `native_ros2_messages` (build script) generated 1 warning
warning: native_ros2_messages@0.1.0: message name 'Pose2D' is defined in multiple packages (geometry_msgs, vision_msgs); unqualified references to it are ambiguous - qualify as pkg/Pose2D in .msg files
   Compiling ping_node v0.1.0 (<BOXHOME>/lanes/platform-20260917T000530Z/repo/benches/latency/workspace/nodes/ping_node)
warning: stripping debug info with `rust-objcopy` failed: signal: 6 (SIGABRT)
  |
  = note: dyld[16584]: Library not loaded: @rpath/libLLVM.dylib
            Referenced from: <AC0D75A8-23BF-301F-B7CE-3E5CC0C1BC06> <BOXHOME>/.rustup/toolchains/stable-aarch64-apple-darwin/lib/rustlib/aarch64-apple-darwin/bin/rust-objcopy
            Reason: tried: '<BOXHOME>/.rustup/toolchains/stable-aarch64-apple-darwin/lib/rustlib/aarch64-apple-darwin/bin/../lib/libLLVM.dylib' (no such file), '<BOXHOME>/.rustup/toolchains/stable-aarch64-apple-darwin/lib/rustlib/aarch64-apple-darwin/bin/../lib/libLLVM.dylib' (no such file), '<BOXHOME>/lanes/platform-20260917T000530Z/repo/benches/latency/workspace/target/release/deps/libLLVM.dylib' (no such file), '<BOXHOME>/lib/libLLVM.dylib' (no such file), '/usr/local/lib/libLLVM.dylib' (no such file), '/usr/lib/libLLVM.dylib' (no such file, not in dyld cache)
          

warning: `ping_node` (lib) generated 1 warning
    Finished `release` profile [optimized] target(s) in 1.47s
[2m2026-09-17T01:06:41.576080Z[0m [32m INFO[0m [2mcerulion_bagd[0m[2m:[0m bagd recording complete [3mfiles[0m[2m=[0m0 [3mmessages[0m[2m=[0m0 [3mbytes[0m[2m=[0m0 [3mring_records[0m[2m=[0m16845 [3mdropped_unwritten[0m[2m=[0m0 [3mheaderless[0m[2m=[0m0 [3mframes_lost[0m[2m=[0m0 [3muntapped[0m[2m=[0m0
[2m2026-09-17T01:06:41.666138Z[0m [32m INFO[0m exit hygiene: reclaimed dead iceoryx2 node state left by earlier runs [3mcleanups[0m[2m=[0m4 [3mdeferred[0m[2m=[0m0 [3mbudget_ms[0m[2m=[0m2000
[2m2026-09-17T01:06:41.666703Z[0m [32m INFO[0m exit hygiene: reclaimed stale shared-memory state left by earlier runs [3msummary[0m[2m=[0mreclaimed 1 stale .shm_state file(s) at exit, releasing 16.0 KiB of orphaned shared memory [3mreclaimed[0m[2m=[0m1 [3mreleased_bytes[0m[2m=[0m16384
-- delivery accounting (leg=split payload=64) --
   schedule_rate=100Hz effective_rate=100.00Hz (period_ms=10)
RTT_DELIVERY role=latency leg=split received=2100 skipped=0 measured=2100
RTT_DELIVERY role=ping leg=split published=2121 slots_skipped=0
RTT_DELIVERY role=pong leg=split forwarded=2100
[2m2026-09-17T01:06:41.146318Z[0m [32m INFO[0m live loop delivery telemetry [3mnode_id[0m[2m=[0mpong [3minput[0m[2m=[0mping_in [3mfires[0m[2m=[0m2100 [3mdrop_oldest[0m[2m=[0m0
[2m2026-09-17T01:06:41.146321Z[0m [32m INFO[0m live loop delivery telemetry [3mnode_id[0m[2m=[0mlatency [3minput[0m[2m=[0mecho_in [3mfires[0m[2m=[0m2100 [3mdrop_oldest[0m[2m=[0m0
[2m2026-09-17T01:06:41.356241Z[0m [32m INFO[0m live loop delivery telemetry [3mnode_id[0m[2m=[0mping [3mfires[0m[2m=[0m2125
   samples_in_bin=2000 measured=2000 warmup=100

========================================
  payload=256  pacing=fixed100 rate=100Hz  effective=100.00Hz (period_ms=10)  measured=2000  warmup=100  watchdog=102s
========================================
warning: stripping debug info with `rust-objcopy` failed: signal: 6 (SIGABRT)
  |
  = note: dyld[1528]: Library not loaded: @rpath/libLLVM.dylib
            Referenced from: <AC0D75A8-23BF-301F-B7CE-3E5CC0C1BC06> <BOXHOME>/.rustup/toolchains/stable-aarch64-apple-darwin/lib/rustlib/aarch64-apple-darwin/bin/rust-objcopy
            Reason: tried: '<BOXHOME>/.rustup/toolchains/stable-aarch64-apple-darwin/lib/rustlib/aarch64-apple-darwin/bin/../lib/libLLVM.dylib' (no such file), '<BOXHOME>/.rustup/toolchains/stable-aarch64-apple-darwin/lib/rustlib/aarch64-apple-darwin/bin/../lib/libLLVM.dylib' (no such file), '<BOXHOME>/lanes/platform-20260917T000530Z/repo/benches/latency/workspace/target/release/deps/libLLVM.dylib' (no such file), '<BOXHOME>/lib/libLLVM.dylib' (no such file), '/usr/local/lib/libLLVM.dylib' (no such file), '/usr/lib/libLLVM.dylib' (no such file, not in dyld cache)
          

warning: `cerulion_macros` (lib) generated 1 warning
warning: stripping debug info with `rust-objcopy` failed: signal: 6 (SIGABRT)
  |
  = note: dyld[1680]: Library not loaded: @rpath/libLLVM.dylib
            Referenced from: <AC0D75A8-23BF-301F-B7CE-3E5CC0C1BC06> <BOXHOME>/.rustup/toolchains/stable-aarch64-apple-darwin/lib/rustlib/aarch64-apple-darwin/bin/rust-objcopy
            Reason: tried: '<BOXHOME>/.rustup/toolchains/stable-aarch64-apple-darwin/lib/rustlib/aarch64-apple-darwin/bin/../lib/libLLVM.dylib' (no such file), '<BOXHOME>/.rustup/toolchains/stable-aarch64-apple-darwin/lib/rustlib/aarch64-apple-darwin/bin/../lib/libLLVM.dylib' (no such file), '<BOXHOME>/lanes/platform-20260917T000530Z/repo/benches/latency/workspace/target/release/deps/libLLVM.dylib' (no such file), '<BOXHOME>/lib/libLLVM.dylib' (no such file), '/usr/local/lib/libLLVM.dylib' (no such file), '/usr/lib/libLLVM.dylib' (no such file, not in dyld cache)
          

warning: `native_ros2_messages` (build script) generated 1 warning
warning: native_ros2_messages@0.1.0: message name 'Pose2D' is defined in multiple packages (geometry_msgs, vision_msgs); unqualified references to it are ambiguous - qualify as pkg/Pose2D in .msg files
   Compiling ping_node v0.1.0 (<BOXHOME>/lanes/platform-20260917T000530Z/repo/benches/latency/workspace/nodes/ping_node)
warning: stripping debug info with `rust-objcopy` failed: signal: 6 (SIGABRT)
  |
  = note: dyld[16665]: Library not loaded: @rpath/libLLVM.dylib
            Referenced from: <AC0D75A8-23BF-301F-B7CE-3E5CC0C1BC06> <BOXHOME>/.rustup/toolchains/stable-aarch64-apple-darwin/lib/rustlib/aarch64-apple-darwin/bin/rust-objcopy
            Reason: tried: '<BOXHOME>/.rustup/toolchains/stable-aarch64-apple-darwin/lib/rustlib/aarch64-apple-darwin/bin/../lib/libLLVM.dylib' (no such file), '<BOXHOME>/.rustup/toolchains/stable-aarch64-apple-darwin/lib/rustlib/aarch64-apple-darwin/bin/../lib/libLLVM.dylib' (no such file), '<BOXHOME>/lanes/platform-20260917T000530Z/repo/benches/latency/workspace/target/release/deps/libLLVM.dylib' (no such file), '<BOXHOME>/lib/libLLVM.dylib' (no such file), '/usr/local/lib/libLLVM.dylib' (no such file), '/usr/lib/libLLVM.dylib' (no such file, not in dyld cache)
          

warning: `ping_node` (lib) generated 1 warning
    Finished `release` profile [optimized] target(s) in 0.69s
[2m2026-09-17T01:07:05.508008Z[0m [32m INFO[0m [2mcerulion_bagd[0m[2m:[0m bagd recording complete [3mfiles[0m[2m=[0m0 [3mmessages[0m[2m=[0m0 [3mbytes[0m[2m=[0m0 [3mring_records[0m[2m=[0m16825 [3mdropped_unwritten[0m[2m=[0m0 [3mheaderless[0m[2m=[0m0 [3mframes_lost[0m[2m=[0m0 [3muntapped[0m[2m=[0m0
[2m2026-09-17T01:07:05.633882Z[0m [32m INFO[0m exit hygiene: reclaimed dead iceoryx2 node state left by earlier runs [3mcleanups[0m[2m=[0m4 [3mdeferred[0m[2m=[0m0 [3mbudget_ms[0m[2m=[0m2000
[2m2026-09-17T01:07:05.634854Z[0m [32m INFO[0m exit hygiene: reclaimed stale shared-memory state left by earlier runs [3msummary[0m[2m=[0mreclaimed 1 stale .shm_state file(s) at exit, releasing 16.0 KiB of orphaned shared memory [3mreclaimed[0m[2m=[0m1 [3mreleased_bytes[0m[2m=[0m16384
-- delivery accounting (leg=split payload=256) --
   schedule_rate=100Hz effective_rate=100.00Hz (period_ms=10)
RTT_DELIVERY role=latency leg=split received=2100 skipped=0 measured=2100
RTT_DELIVERY role=ping leg=split published=2110 slots_skipped=0
RTT_DELIVERY role=pong leg=split forwarded=2100
[2m2026-09-17T01:07:04.162315Z[0m [32m INFO[0m live loop delivery telemetry [3mnode_id[0m[2m=[0mpong [3minput[0m[2m=[0mping_in [3mfires[0m[2m=[0m2100 [3mdrop_oldest[0m[2m=[0m0
[2m2026-09-17T01:07:04.162320Z[0m [32m INFO[0m live loop delivery telemetry [3mnode_id[0m[2m=[0mlatency [3minput[0m[2m=[0mecho_in [3mfires[0m[2m=[0m2100 [3mdrop_oldest[0m[2m=[0m0
[2m2026-09-17T01:07:04.262151Z[0m [32m INFO[0m live loop delivery telemetry [3mnode_id[0m[2m=[0mping [3mfires[0m[2m=[0m2114
   samples_in_bin=2000 measured=2000 warmup=100

========================================
  payload=1024  pacing=fixed100 rate=100Hz  effective=100.00Hz (period_ms=10)  measured=2000  warmup=100  watchdog=102s
========================================
warning: stripping debug info with `rust-objcopy` failed: signal: 6 (SIGABRT)
  |
  = note: dyld[1528]: Library not loaded: @rpath/libLLVM.dylib
            Referenced from: <AC0D75A8-23BF-301F-B7CE-3E5CC0C1BC06> <BOXHOME>/.rustup/toolchains/stable-aarch64-apple-darwin/lib/rustlib/aarch64-apple-darwin/bin/rust-objcopy
            Reason: tried: '<BOXHOME>/.rustup/toolchains/stable-aarch64-apple-darwin/lib/rustlib/aarch64-apple-darwin/bin/../lib/libLLVM.dylib' (no such file), '<BOXHOME>/.rustup/toolchains/stable-aarch64-apple-darwin/lib/rustlib/aarch64-apple-darwin/bin/../lib/libLLVM.dylib' (no such file), '<BOXHOME>/lanes/platform-20260917T000530Z/repo/benches/latency/workspace/target/release/deps/libLLVM.dylib' (no such file), '<BOXHOME>/lib/libLLVM.dylib' (no such file), '/usr/local/lib/libLLVM.dylib' (no such file), '/usr/lib/libLLVM.dylib' (no such file, not in dyld cache)
          

warning: `cerulion_macros` (lib) generated 1 warning
warning: stripping debug info with `rust-objcopy` failed: signal: 6 (SIGABRT)
  |
  = note: dyld[1680]: Library not loaded: @rpath/libLLVM.dylib
            Referenced from: <AC0D75A8-23BF-301F-B7CE-3E5CC0C1BC06> <BOXHOME>/.rustup/toolchains/stable-aarch64-apple-darwin/lib/rustlib/aarch64-apple-darwin/bin/rust-objcopy
            Reason: tried: '<BOXHOME>/.rustup/toolchains/stable-aarch64-apple-darwin/lib/rustlib/aarch64-apple-darwin/bin/../lib/libLLVM.dylib' (no such file), '<BOXHOME>/.rustup/toolchains/stable-aarch64-apple-darwin/lib/rustlib/aarch64-apple-darwin/bin/../lib/libLLVM.dylib' (no such file), '<BOXHOME>/lanes/platform-20260917T000530Z/repo/benches/latency/workspace/target/release/deps/libLLVM.dylib' (no such file), '<BOXHOME>/lib/libLLVM.dylib' (no such file), '/usr/local/lib/libLLVM.dylib' (no such file), '/usr/lib/libLLVM.dylib' (no such file, not in dyld cache)
          

warning: `native_ros2_messages` (build script) generated 1 warning
warning: native_ros2_messages@0.1.0: message name 'Pose2D' is defined in multiple packages (geometry_msgs, vision_msgs); unqualified references to it are ambiguous - qualify as pkg/Pose2D in .msg files
   Compiling ping_node v0.1.0 (<BOXHOME>/lanes/platform-20260917T000530Z/repo/benches/latency/workspace/nodes/ping_node)
warning: stripping debug info with `rust-objcopy` failed: signal: 6 (SIGABRT)
  |
  = note: dyld[16758]: Library not loaded: @rpath/libLLVM.dylib
            Referenced from: <AC0D75A8-23BF-301F-B7CE-3E5CC0C1BC06> <BOXHOME>/.rustup/toolchains/stable-aarch64-apple-darwin/lib/rustlib/aarch64-apple-darwin/bin/rust-objcopy
            Reason: tried: '<BOXHOME>/.rustup/toolchains/stable-aarch64-apple-darwin/lib/rustlib/aarch64-apple-darwin/bin/../lib/libLLVM.dylib' (no such file), '<BOXHOME>/.rustup/toolchains/stable-aarch64-apple-darwin/lib/rustlib/aarch64-apple-darwin/bin/../lib/libLLVM.dylib' (no such file), '<BOXHOME>/lanes/platform-20260917T000530Z/repo/benches/latency/workspace/target/release/deps/libLLVM.dylib' (no such file), '<BOXHOME>/lib/libLLVM.dylib' (no such file), '/usr/local/lib/libLLVM.dylib' (no such file), '/usr/lib/libLLVM.dylib' (no such file, not in dyld cache)
          

warning: `ping_node` (lib) generated 1 warning
    Finished `release` profile [optimized] target(s) in 0.90s
[2m2026-09-17T01:07:28.741186Z[0m [32m INFO[0m [2mcerulion_bagd[0m[2m:[0m bagd recording complete [3mfiles[0m[2m=[0m0 [3mmessages[0m[2m=[0m0 [3mbytes[0m[2m=[0m0 [3mring_records[0m[2m=[0m16841 [3mdropped_unwritten[0m[2m=[0m0 [3mheaderless[0m[2m=[0m0 [3mframes_lost[0m[2m=[0m0 [3muntapped[0m[2m=[0m0
[2m2026-09-17T01:07:28.801822Z[0m [32m INFO[0m exit hygiene: reclaimed dead iceoryx2 node state left by earlier runs [3mcleanups[0m[2m=[0m4 [3mdeferred[0m[2m=[0m0 [3mbudget_ms[0m[2m=[0m2000
[2m2026-09-17T01:07:28.802474Z[0m [32m INFO[0m exit hygiene: reclaimed stale shared-memory state left by earlier runs [3msummary[0m[2m=[0mreclaimed 2 stale .shm_state file(s) at exit, releasing 32.0 KiB of orphaned shared memory [3mreclaimed[0m[2m=[0m2 [3mreleased_bytes[0m[2m=[0m32768
-- delivery accounting (leg=split payload=1024) --
   schedule_rate=100Hz effective_rate=100.00Hz (period_ms=10)
RTT_DELIVERY role=latency leg=split received=2100 skipped=0 measured=2100
RTT_DELIVERY role=ping leg=split published=2118 slots_skipped=0
RTT_DELIVERY role=pong leg=split forwarded=2100
[2m2026-09-17T01:07:28.174310Z[0m [32m INFO[0m live loop delivery telemetry [3mnode_id[0m[2m=[0mpong [3minput[0m[2m=[0mping_in [3mfires[0m[2m=[0m2100 [3mdrop_oldest[0m[2m=[0m0
[2m2026-09-17T01:07:28.174315Z[0m [32m INFO[0m live loop delivery telemetry [3mnode_id[0m[2m=[0mlatency [3minput[0m[2m=[0mecho_in [3mfires[0m[2m=[0m2100 [3mdrop_oldest[0m[2m=[0m0
[2m2026-09-17T01:07:28.354232Z[0m [32m INFO[0m live loop delivery telemetry [3mnode_id[0m[2m=[0mping [3mfires[0m[2m=[0m2122
   samples_in_bin=2000 measured=2000 warmup=100

========================================
  payload=4096  pacing=fixed100 rate=100Hz  effective=100.00Hz (period_ms=10)  measured=2000  warmup=100  watchdog=102s
========================================
warning: stripping debug info with `rust-objcopy` failed: signal: 6 (SIGABRT)
  |
  = note: dyld[1528]: Library not loaded: @rpath/libLLVM.dylib
            Referenced from: <AC0D75A8-23BF-301F-B7CE-3E5CC0C1BC06> <BOXHOME>/.rustup/toolchains/stable-aarch64-apple-darwin/lib/rustlib/aarch64-apple-darwin/bin/rust-objcopy
            Reason: tried: '<BOXHOME>/.rustup/toolchains/stable-aarch64-apple-darwin/lib/rustlib/aarch64-apple-darwin/bin/../lib/libLLVM.dylib' (no such file), '<BOXHOME>/.rustup/toolchains/stable-aarch64-apple-darwin/lib/rustlib/aarch64-apple-darwin/bin/../lib/libLLVM.dylib' (no such file), '<BOXHOME>/lanes/platform-20260917T000530Z/repo/benches/latency/workspace/target/release/deps/libLLVM.dylib' (no such file), '<BOXHOME>/lib/libLLVM.dylib' (no such file), '/usr/local/lib/libLLVM.dylib' (no such file), '/usr/lib/libLLVM.dylib' (no such file, not in dyld cache)
          

warning: `cerulion_macros` (lib) generated 1 warning
warning: stripping debug info with `rust-objcopy` failed: signal: 6 (SIGABRT)
  |
  = note: dyld[1680]: Library not loaded: @rpath/libLLVM.dylib
            Referenced from: <AC0D75A8-23BF-301F-B7CE-3E5CC0C1BC06> <BOXHOME>/.rustup/toolchains/stable-aarch64-apple-darwin/lib/rustlib/aarch64-apple-darwin/bin/rust-objcopy
            Reason: tried: '<BOXHOME>/.rustup/toolchains/stable-aarch64-apple-darwin/lib/rustlib/aarch64-apple-darwin/bin/../lib/libLLVM.dylib' (no such file), '<BOXHOME>/.rustup/toolchains/stable-aarch64-apple-darwin/lib/rustlib/aarch64-apple-darwin/bin/../lib/libLLVM.dylib' (no such file), '<BOXHOME>/lanes/platform-20260917T000530Z/repo/benches/latency/workspace/target/release/deps/libLLVM.dylib' (no such file), '<BOXHOME>/lib/libLLVM.dylib' (no such file), '/usr/local/lib/libLLVM.dylib' (no such file), '/usr/lib/libLLVM.dylib' (no such file, not in dyld cache)
          

warning: `native_ros2_messages` (build script) generated 1 warning
warning: native_ros2_messages@0.1.0: message name 'Pose2D' is defined in multiple packages (geometry_msgs, vision_msgs); unqualified references to it are ambiguous - qualify as pkg/Pose2D in .msg files
   Compiling ping_node v0.1.0 (<BOXHOME>/lanes/platform-20260917T000530Z/repo/benches/latency/workspace/nodes/ping_node)
warning: stripping debug info with `rust-objcopy` failed: signal: 6 (SIGABRT)
  |
  = note: dyld[16902]: Library not loaded: @rpath/libLLVM.dylib
            Referenced from: <AC0D75A8-23BF-301F-B7CE-3E5CC0C1BC06> <BOXHOME>/.rustup/toolchains/stable-aarch64-apple-darwin/lib/rustlib/aarch64-apple-darwin/bin/rust-objcopy
            Reason: tried: '<BOXHOME>/.rustup/toolchains/stable-aarch64-apple-darwin/lib/rustlib/aarch64-apple-darwin/bin/../lib/libLLVM.dylib' (no such file), '<BOXHOME>/.rustup/toolchains/stable-aarch64-apple-darwin/lib/rustlib/aarch64-apple-darwin/bin/../lib/libLLVM.dylib' (no such file), '<BOXHOME>/lanes/platform-20260917T000530Z/repo/benches/latency/workspace/target/release/deps/libLLVM.dylib' (no such file), '<BOXHOME>/lib/libLLVM.dylib' (no such file), '/usr/local/lib/libLLVM.dylib' (no such file), '/usr/lib/libLLVM.dylib' (no such file, not in dyld cache)
          

warning: `ping_node` (lib) generated 1 warning
    Finished `release` profile [optimized] target(s) in 0.69s
[2m2026-09-17T01:07:51.776085Z[0m [32m INFO[0m [2mcerulion_bagd[0m[2m:[0m bagd recording complete [3mfiles[0m[2m=[0m0 [3mmessages[0m[2m=[0m0 [3mbytes[0m[2m=[0m0 [3mring_records[0m[2m=[0m16847 [3mdropped_unwritten[0m[2m=[0m0 [3mheaderless[0m[2m=[0m0 [3mframes_lost[0m[2m=[0m0 [3muntapped[0m[2m=[0m0
[2m2026-09-17T01:07:51.794903Z[0m [32m INFO[0m exit hygiene: reclaimed dead iceoryx2 node state left by earlier runs [3mcleanups[0m[2m=[0m4 [3mdeferred[0m[2m=[0m0 [3mbudget_ms[0m[2m=[0m2000
[2m2026-09-17T01:07:51.795426Z[0m [32m INFO[0m exit hygiene: reclaimed stale shared-memory state left by earlier runs [3msummary[0m[2m=[0mreclaimed 1 stale .shm_state file(s) at exit, releasing 16.0 KiB of orphaned shared memory [3mreclaimed[0m[2m=[0m1 [3mreleased_bytes[0m[2m=[0m16384
-- delivery accounting (leg=split payload=4096) --
   schedule_rate=100Hz effective_rate=100.00Hz (period_ms=10)
RTT_DELIVERY role=latency leg=split received=2100 skipped=0 measured=2100
RTT_DELIVERY role=ping leg=split published=2121 slots_skipped=0
RTT_DELIVERY role=pong leg=split forwarded=2100
[2m2026-09-17T01:07:51.111050Z[0m [32m INFO[0m live loop delivery telemetry [3mnode_id[0m[2m=[0mpong [3minput[0m[2m=[0mping_in [3mfires[0m[2m=[0m2100 [3mdrop_oldest[0m[2m=[0m0
[2m2026-09-17T01:07:51.111056Z[0m [32m INFO[0m live loop delivery telemetry [3mnode_id[0m[2m=[0mlatency [3minput[0m[2m=[0mecho_in [3mfires[0m[2m=[0m2100 [3mdrop_oldest[0m[2m=[0m0
[2m2026-09-17T01:07:51.320988Z[0m [32m INFO[0m live loop delivery telemetry [3mnode_id[0m[2m=[0mping [3mfires[0m[2m=[0m2125
   samples_in_bin=2000 measured=2000 warmup=100

========================================
  payload=16384  pacing=fixed100 rate=100Hz  effective=100.00Hz (period_ms=10)  measured=2000  warmup=100  watchdog=102s
========================================
warning: stripping debug info with `rust-objcopy` failed: signal: 6 (SIGABRT)
  |
  = note: dyld[1528]: Library not loaded: @rpath/libLLVM.dylib
            Referenced from: <AC0D75A8-23BF-301F-B7CE-3E5CC0C1BC06> <BOXHOME>/.rustup/toolchains/stable-aarch64-apple-darwin/lib/rustlib/aarch64-apple-darwin/bin/rust-objcopy
            Reason: tried: '<BOXHOME>/.rustup/toolchains/stable-aarch64-apple-darwin/lib/rustlib/aarch64-apple-darwin/bin/../lib/libLLVM.dylib' (no such file), '<BOXHOME>/.rustup/toolchains/stable-aarch64-apple-darwin/lib/rustlib/aarch64-apple-darwin/bin/../lib/libLLVM.dylib' (no such file), '<BOXHOME>/lanes/platform-20260917T000530Z/repo/benches/latency/workspace/target/release/deps/libLLVM.dylib' (no such file), '<BOXHOME>/lib/libLLVM.dylib' (no such file), '/usr/local/lib/libLLVM.dylib' (no such file), '/usr/lib/libLLVM.dylib' (no such file, not in dyld cache)
          

warning: `cerulion_macros` (lib) generated 1 warning
warning: stripping debug info with `rust-objcopy` failed: signal: 6 (SIGABRT)
  |
  = note: dyld[1680]: Library not loaded: @rpath/libLLVM.dylib
            Referenced from: <AC0D75A8-23BF-301F-B7CE-3E5CC0C1BC06> <BOXHOME>/.rustup/toolchains/stable-aarch64-apple-darwin/lib/rustlib/aarch64-apple-darwin/bin/rust-objcopy
            Reason: tried: '<BOXHOME>/.rustup/toolchains/stable-aarch64-apple-darwin/lib/rustlib/aarch64-apple-darwin/bin/../lib/libLLVM.dylib' (no such file), '<BOXHOME>/.rustup/toolchains/stable-aarch64-apple-darwin/lib/rustlib/aarch64-apple-darwin/bin/../lib/libLLVM.dylib' (no such file), '<BOXHOME>/lanes/platform-20260917T000530Z/repo/benches/latency/workspace/target/release/deps/libLLVM.dylib' (no such file), '<BOXHOME>/lib/libLLVM.dylib' (no such file), '/usr/local/lib/libLLVM.dylib' (no such file), '/usr/lib/libLLVM.dylib' (no such file, not in dyld cache)
          

warning: `native_ros2_messages` (build script) generated 1 warning
warning: native_ros2_messages@0.1.0: message name 'Pose2D' is defined in multiple packages (geometry_msgs, vision_msgs); unqualified references to it are ambiguous - qualify as pkg/Pose2D in .msg files
   Compiling ping_node v0.1.0 (<BOXHOME>/lanes/platform-20260917T000530Z/repo/benches/latency/workspace/nodes/ping_node)
warning: stripping debug info with `rust-objcopy` failed: signal: 6 (SIGABRT)
  |
  = note: dyld[16986]: Library not loaded: @rpath/libLLVM.dylib
            Referenced from: <AC0D75A8-23BF-301F-B7CE-3E5CC0C1BC06> <BOXHOME>/.rustup/toolchains/stable-aarch64-apple-darwin/lib/rustlib/aarch64-apple-darwin/bin/rust-objcopy
            Reason: tried: '<BOXHOME>/.rustup/toolchains/stable-aarch64-apple-darwin/lib/rustlib/aarch64-apple-darwin/bin/../lib/libLLVM.dylib' (no such file), '<BOXHOME>/.rustup/toolchains/stable-aarch64-apple-darwin/lib/rustlib/aarch64-apple-darwin/bin/../lib/libLLVM.dylib' (no such file), '<BOXHOME>/lanes/platform-20260917T000530Z/repo/benches/latency/workspace/target/release/deps/libLLVM.dylib' (no such file), '<BOXHOME>/lib/libLLVM.dylib' (no such file), '/usr/local/lib/libLLVM.dylib' (no such file), '/usr/lib/libLLVM.dylib' (no such file, not in dyld cache)
          

warning: `ping_node` (lib) generated 1 warning
    Finished `release` profile [optimized] target(s) in 0.69s
[2m2026-09-17T01:08:15.740884Z[0m [32m INFO[0m [2mcerulion_bagd[0m[2m:[0m bagd recording complete [3mfiles[0m[2m=[0m0 [3mmessages[0m[2m=[0m0 [3mbytes[0m[2m=[0m0 [3mring_records[0m[2m=[0m16843 [3mdropped_unwritten[0m[2m=[0m0 [3mheaderless[0m[2m=[0m0 [3mframes_lost[0m[2m=[0m0 [3muntapped[0m[2m=[0m0
[2m2026-09-17T01:08:15.775064Z[0m [32m INFO[0m exit hygiene: reclaimed dead iceoryx2 node state left by earlier runs [3mcleanups[0m[2m=[0m4 [3mdeferred[0m[2m=[0m0 [3mbudget_ms[0m[2m=[0m2000
[2m2026-09-17T01:08:15.775721Z[0m [32m INFO[0m exit hygiene: reclaimed stale shared-memory state left by earlier runs [3msummary[0m[2m=[0mreclaimed 2 stale .shm_state file(s) at exit, releasing 32.0 KiB of orphaned shared memory [3mreclaimed[0m[2m=[0m2 [3mreleased_bytes[0m[2m=[0m32768
-- delivery accounting (leg=split payload=16384) --
   schedule_rate=100Hz effective_rate=100.00Hz (period_ms=10)
RTT_DELIVERY role=latency leg=split received=2100 skipped=0 measured=2100
RTT_DELIVERY role=ping leg=split published=2119 slots_skipped=0
RTT_DELIVERY role=pong leg=split forwarded=2100
[2m2026-09-17T01:08:14.250736Z[0m [32m INFO[0m live loop delivery telemetry [3mnode_id[0m[2m=[0mpong [3minput[0m[2m=[0mping_in [3mfires[0m[2m=[0m2100 [3mdrop_oldest[0m[2m=[0m0
[2m2026-09-17T01:08:14.250739Z[0m [32m INFO[0m live loop delivery telemetry [3mnode_id[0m[2m=[0mlatency [3minput[0m[2m=[0mecho_in [3mfires[0m[2m=[0m2100 [3mdrop_oldest[0m[2m=[0m0
[2m2026-09-17T01:08:14.440627Z[0m [32m INFO[0m live loop delivery telemetry [3mnode_id[0m[2m=[0mping [3mfires[0m[2m=[0m2123
   samples_in_bin=2000 measured=2000 warmup=100

========================================
  payload=65536  pacing=fixed100 rate=100Hz  effective=100.00Hz (period_ms=10)  measured=2000  warmup=100  watchdog=102s
========================================
warning: stripping debug info with `rust-objcopy` failed: signal: 6 (SIGABRT)
  |
  = note: dyld[1528]: Library not loaded: @rpath/libLLVM.dylib
            Referenced from: <AC0D75A8-23BF-301F-B7CE-3E5CC0C1BC06> <BOXHOME>/.rustup/toolchains/stable-aarch64-apple-darwin/lib/rustlib/aarch64-apple-darwin/bin/rust-objcopy
            Reason: tried: '<BOXHOME>/.rustup/toolchains/stable-aarch64-apple-darwin/lib/rustlib/aarch64-apple-darwin/bin/../lib/libLLVM.dylib' (no such file), '<BOXHOME>/.rustup/toolchains/stable-aarch64-apple-darwin/lib/rustlib/aarch64-apple-darwin/bin/../lib/libLLVM.dylib' (no such file), '<BOXHOME>/lanes/platform-20260917T000530Z/repo/benches/latency/workspace/target/release/deps/libLLVM.dylib' (no such file), '<BOXHOME>/lib/libLLVM.dylib' (no such file), '/usr/local/lib/libLLVM.dylib' (no such file), '/usr/lib/libLLVM.dylib' (no such file, not in dyld cache)
          

warning: `cerulion_macros` (lib) generated 1 warning
warning: stripping debug info with `rust-objcopy` failed: signal: 6 (SIGABRT)
  |
  = note: dyld[1680]: Library not loaded: @rpath/libLLVM.dylib
            Referenced from: <AC0D75A8-23BF-301F-B7CE-3E5CC0C1BC06> <BOXHOME>/.rustup/toolchains/stable-aarch64-apple-darwin/lib/rustlib/aarch64-apple-darwin/bin/rust-objcopy
            Reason: tried: '<BOXHOME>/.rustup/toolchains/stable-aarch64-apple-darwin/lib/rustlib/aarch64-apple-darwin/bin/../lib/libLLVM.dylib' (no such file), '<BOXHOME>/.rustup/toolchains/stable-aarch64-apple-darwin/lib/rustlib/aarch64-apple-darwin/bin/../lib/libLLVM.dylib' (no such file), '<BOXHOME>/lanes/platform-20260917T000530Z/repo/benches/latency/workspace/target/release/deps/libLLVM.dylib' (no such file), '<BOXHOME>/lib/libLLVM.dylib' (no such file), '/usr/local/lib/libLLVM.dylib' (no such file), '/usr/lib/libLLVM.dylib' (no such file, not in dyld cache)
          

warning: `native_ros2_messages` (build script) generated 1 warning
warning: native_ros2_messages@0.1.0: message name 'Pose2D' is defined in multiple packages (geometry_msgs, vision_msgs); unqualified references to it are ambiguous - qualify as pkg/Pose2D in .msg files
   Compiling ping_node v0.1.0 (<BOXHOME>/lanes/platform-20260917T000530Z/repo/benches/latency/workspace/nodes/ping_node)
warning: stripping debug info with `rust-objcopy` failed: signal: 6 (SIGABRT)
  |
  = note: dyld[17066]: Library not loaded: @rpath/libLLVM.dylib
            Referenced from: <AC0D75A8-23BF-301F-B7CE-3E5CC0C1BC06> <BOXHOME>/.rustup/toolchains/stable-aarch64-apple-darwin/lib/rustlib/aarch64-apple-darwin/bin/rust-objcopy
            Reason: tried: '<BOXHOME>/.rustup/toolchains/stable-aarch64-apple-darwin/lib/rustlib/aarch64-apple-darwin/bin/../lib/libLLVM.dylib' (no such file), '<BOXHOME>/.rustup/toolchains/stable-aarch64-apple-darwin/lib/rustlib/aarch64-apple-darwin/bin/../lib/libLLVM.dylib' (no such file), '<BOXHOME>/lanes/platform-20260917T000530Z/repo/benches/latency/workspace/target/release/deps/libLLVM.dylib' (no such file), '<BOXHOME>/lib/libLLVM.dylib' (no such file), '/usr/local/lib/libLLVM.dylib' (no such file), '/usr/lib/libLLVM.dylib' (no such file, not in dyld cache)
          

warning: `ping_node` (lib) generated 1 warning
    Finished `release` profile [optimized] target(s) in 0.71s
[2m2026-09-17T01:08:39.721921Z[0m [32m INFO[0m [2mcerulion_bagd[0m[2m:[0m bagd recording complete [3mfiles[0m[2m=[0m0 [3mmessages[0m[2m=[0m0 [3mbytes[0m[2m=[0m0 [3mring_records[0m[2m=[0m16835 [3mdropped_unwritten[0m[2m=[0m0 [3mheaderless[0m[2m=[0m0 [3mframes_lost[0m[2m=[0m0 [3muntapped[0m[2m=[0m0
[2m2026-09-17T01:08:39.813896Z[0m [32m INFO[0m exit hygiene: reclaimed dead iceoryx2 node state left by earlier runs [3mcleanups[0m[2m=[0m4 [3mdeferred[0m[2m=[0m0 [3mbudget_ms[0m[2m=[0m2000
[2m2026-09-17T01:08:39.814469Z[0m [32m INFO[0m exit hygiene: reclaimed stale shared-memory state left by earlier runs [3msummary[0m[2m=[0mreclaimed 1 stale .shm_state file(s) at exit, releasing 16.0 KiB of orphaned shared memory [3mreclaimed[0m[2m=[0m1 [3mreleased_bytes[0m[2m=[0m16384
-- delivery accounting (leg=split payload=65536) --
   schedule_rate=100Hz effective_rate=100.00Hz (period_ms=10)
RTT_DELIVERY role=latency leg=split received=2100 skipped=0 measured=2100
RTT_DELIVERY role=ping leg=split published=2118 slots_skipped=0
RTT_DELIVERY role=pong leg=split forwarded=2100
[2m2026-09-17T01:08:38.187490Z[0m [32m INFO[0m live loop delivery telemetry [3mnode_id[0m[2m=[0mpong [3minput[0m[2m=[0mping_in [3mfires[0m[2m=[0m2100 [3mdrop_oldest[0m[2m=[0m0
[2m2026-09-17T01:08:38.187496Z[0m [32m INFO[0m live loop delivery telemetry [3mnode_id[0m[2m=[0mlatency [3minput[0m[2m=[0mecho_in [3mfires[0m[2m=[0m2100 [3mdrop_oldest[0m[2m=[0m0
[2m2026-09-17T01:08:38.367333Z[0m [32m INFO[0m live loop delivery telemetry [3mnode_id[0m[2m=[0mping [3mfires[0m[2m=[0m2122
   samples_in_bin=2000 measured=2000 warmup=100

========================================
  payload=262144  pacing=fixed100 rate=100Hz  effective=100.00Hz (period_ms=10)  measured=2000  warmup=100  watchdog=102s
========================================
warning: stripping debug info with `rust-objcopy` failed: signal: 6 (SIGABRT)
  |
  = note: dyld[1528]: Library not loaded: @rpath/libLLVM.dylib
            Referenced from: <AC0D75A8-23BF-301F-B7CE-3E5CC0C1BC06> <BOXHOME>/.rustup/toolchains/stable-aarch64-apple-darwin/lib/rustlib/aarch64-apple-darwin/bin/rust-objcopy
            Reason: tried: '<BOXHOME>/.rustup/toolchains/stable-aarch64-apple-darwin/lib/rustlib/aarch64-apple-darwin/bin/../lib/libLLVM.dylib' (no such file), '<BOXHOME>/.rustup/toolchains/stable-aarch64-apple-darwin/lib/rustlib/aarch64-apple-darwin/bin/../lib/libLLVM.dylib' (no such file), '<BOXHOME>/lanes/platform-20260917T000530Z/repo/benches/latency/workspace/target/release/deps/libLLVM.dylib' (no such file), '<BOXHOME>/lib/libLLVM.dylib' (no such file), '/usr/local/lib/libLLVM.dylib' (no such file), '/usr/lib/libLLVM.dylib' (no such file, not in dyld cache)
          

warning: `cerulion_macros` (lib) generated 1 warning
warning: stripping debug info with `rust-objcopy` failed: signal: 6 (SIGABRT)
  |
  = note: dyld[1680]: Library not loaded: @rpath/libLLVM.dylib
            Referenced from: <AC0D75A8-23BF-301F-B7CE-3E5CC0C1BC06> <BOXHOME>/.rustup/toolchains/stable-aarch64-apple-darwin/lib/rustlib/aarch64-apple-darwin/bin/rust-objcopy
            Reason: tried: '<BOXHOME>/.rustup/toolchains/stable-aarch64-apple-darwin/lib/rustlib/aarch64-apple-darwin/bin/../lib/libLLVM.dylib' (no such file), '<BOXHOME>/.rustup/toolchains/stable-aarch64-apple-darwin/lib/rustlib/aarch64-apple-darwin/bin/../lib/libLLVM.dylib' (no such file), '<BOXHOME>/lanes/platform-20260917T000530Z/repo/benches/latency/workspace/target/release/deps/libLLVM.dylib' (no such file), '<BOXHOME>/lib/libLLVM.dylib' (no such file), '/usr/local/lib/libLLVM.dylib' (no such file), '/usr/lib/libLLVM.dylib' (no such file, not in dyld cache)
          

warning: `native_ros2_messages` (build script) generated 1 warning
warning: native_ros2_messages@0.1.0: message name 'Pose2D' is defined in multiple packages (geometry_msgs, vision_msgs); unqualified references to it are ambiguous - qualify as pkg/Pose2D in .msg files
   Compiling ping_node v0.1.0 (<BOXHOME>/lanes/platform-20260917T000530Z/repo/benches/latency/workspace/nodes/ping_node)
warning: stripping debug info with `rust-objcopy` failed: signal: 6 (SIGABRT)
  |
  = note: dyld[17197]: Library not loaded: @rpath/libLLVM.dylib
            Referenced from: <AC0D75A8-23BF-301F-B7CE-3E5CC0C1BC06> <BOXHOME>/.rustup/toolchains/stable-aarch64-apple-darwin/lib/rustlib/aarch64-apple-darwin/bin/rust-objcopy
            Reason: tried: '<BOXHOME>/.rustup/toolchains/stable-aarch64-apple-darwin/lib/rustlib/aarch64-apple-darwin/bin/../lib/libLLVM.dylib' (no such file), '<BOXHOME>/.rustup/toolchains/stable-aarch64-apple-darwin/lib/rustlib/aarch64-apple-darwin/bin/../lib/libLLVM.dylib' (no such file), '<BOXHOME>/lanes/platform-20260917T000530Z/repo/benches/latency/workspace/target/release/deps/libLLVM.dylib' (no such file), '<BOXHOME>/lib/libLLVM.dylib' (no such file), '/usr/local/lib/libLLVM.dylib' (no such file), '/usr/lib/libLLVM.dylib' (no such file, not in dyld cache)
          

warning: `ping_node` (lib) generated 1 warning
    Finished `release` profile [optimized] target(s) in 0.68s
[2m2026-09-17T01:09:03.527549Z[0m [32m INFO[0m [2mcerulion_bagd[0m[2m:[0m bagd recording complete [3mfiles[0m[2m=[0m0 [3mmessages[0m[2m=[0m0 [3mbytes[0m[2m=[0m0 [3mring_records[0m[2m=[0m16829 [3mdropped_unwritten[0m[2m=[0m0 [3mheaderless[0m[2m=[0m0 [3mframes_lost[0m[2m=[0m0 [3muntapped[0m[2m=[0m0
[2m2026-09-17T01:09:03.596385Z[0m [32m INFO[0m exit hygiene: reclaimed dead iceoryx2 node state left by earlier runs [3mcleanups[0m[2m=[0m4 [3mdeferred[0m[2m=[0m0 [3mbudget_ms[0m[2m=[0m2000
[2m2026-09-17T01:09:03.596854Z[0m [32m INFO[0m exit hygiene: reclaimed stale shared-memory state left by earlier runs [3msummary[0m[2m=[0mreclaimed 2 stale .shm_state file(s) at exit, releasing 32.0 KiB of orphaned shared memory [3mreclaimed[0m[2m=[0m2 [3mreleased_bytes[0m[2m=[0m32768
-- delivery accounting (leg=split payload=262144) --
   schedule_rate=100Hz effective_rate=100.00Hz (period_ms=10)
RTT_DELIVERY role=latency leg=split received=2100 skipped=0 measured=2100
RTT_DELIVERY role=ping leg=split published=2112 slots_skipped=0
RTT_DELIVERY role=pong leg=split forwarded=2100
[2m2026-09-17T01:09:02.137650Z[0m [32m INFO[0m live loop delivery telemetry [3mnode_id[0m[2m=[0mpong [3minput[0m[2m=[0mping_in [3mfires[0m[2m=[0m2100 [3mdrop_oldest[0m[2m=[0m0
[2m2026-09-17T01:09:02.137654Z[0m [32m INFO[0m live loop delivery telemetry [3mnode_id[0m[2m=[0mlatency [3minput[0m[2m=[0mecho_in [3mfires[0m[2m=[0m2100 [3mdrop_oldest[0m[2m=[0m0
[2m2026-09-17T01:09:02.257496Z[0m [32m INFO[0m live loop delivery telemetry [3mnode_id[0m[2m=[0mping [3mfires[0m[2m=[0m2116
   samples_in_bin=2000 measured=2000 warmup=100

========================================
  payload=1048576  pacing=fixed100 rate=100Hz  effective=100.00Hz (period_ms=10)  measured=2000  warmup=100  watchdog=102s
========================================
warning: stripping debug info with `rust-objcopy` failed: signal: 6 (SIGABRT)
  |
  = note: dyld[1528]: Library not loaded: @rpath/libLLVM.dylib
            Referenced from: <AC0D75A8-23BF-301F-B7CE-3E5CC0C1BC06> <BOXHOME>/.rustup/toolchains/stable-aarch64-apple-darwin/lib/rustlib/aarch64-apple-darwin/bin/rust-objcopy
            Reason: tried: '<BOXHOME>/.rustup/toolchains/stable-aarch64-apple-darwin/lib/rustlib/aarch64-apple-darwin/bin/../lib/libLLVM.dylib' (no such file), '<BOXHOME>/.rustup/toolchains/stable-aarch64-apple-darwin/lib/rustlib/aarch64-apple-darwin/bin/../lib/libLLVM.dylib' (no such file), '<BOXHOME>/lanes/platform-20260917T000530Z/repo/benches/latency/workspace/target/release/deps/libLLVM.dylib' (no such file), '<BOXHOME>/lib/libLLVM.dylib' (no such file), '/usr/local/lib/libLLVM.dylib' (no such file), '/usr/lib/libLLVM.dylib' (no such file, not in dyld cache)
          

warning: `cerulion_macros` (lib) generated 1 warning
warning: stripping debug info with `rust-objcopy` failed: signal: 6 (SIGABRT)
  |
  = note: dyld[1680]: Library not loaded: @rpath/libLLVM.dylib
            Referenced from: <AC0D75A8-23BF-301F-B7CE-3E5CC0C1BC06> <BOXHOME>/.rustup/toolchains/stable-aarch64-apple-darwin/lib/rustlib/aarch64-apple-darwin/bin/rust-objcopy
            Reason: tried: '<BOXHOME>/.rustup/toolchains/stable-aarch64-apple-darwin/lib/rustlib/aarch64-apple-darwin/bin/../lib/libLLVM.dylib' (no such file), '<BOXHOME>/.rustup/toolchains/stable-aarch64-apple-darwin/lib/rustlib/aarch64-apple-darwin/bin/../lib/libLLVM.dylib' (no such file), '<BOXHOME>/lanes/platform-20260917T000530Z/repo/benches/latency/workspace/target/release/deps/libLLVM.dylib' (no such file), '<BOXHOME>/lib/libLLVM.dylib' (no such file), '/usr/local/lib/libLLVM.dylib' (no such file), '/usr/lib/libLLVM.dylib' (no such file, not in dyld cache)
          

warning: `native_ros2_messages` (build script) generated 1 warning
warning: native_ros2_messages@0.1.0: message name 'Pose2D' is defined in multiple packages (geometry_msgs, vision_msgs); unqualified references to it are ambiguous - qualify as pkg/Pose2D in .msg files
   Compiling ping_node v0.1.0 (<BOXHOME>/lanes/platform-20260917T000530Z/repo/benches/latency/workspace/nodes/ping_node)
warning: stripping debug info with `rust-objcopy` failed: signal: 6 (SIGABRT)
  |
  = note: dyld[17282]: Library not loaded: @rpath/libLLVM.dylib
            Referenced from: <AC0D75A8-23BF-301F-B7CE-3E5CC0C1BC06> <BOXHOME>/.rustup/toolchains/stable-aarch64-apple-darwin/lib/rustlib/aarch64-apple-darwin/bin/rust-objcopy
            Reason: tried: '<BOXHOME>/.rustup/toolchains/stable-aarch64-apple-darwin/lib/rustlib/aarch64-apple-darwin/bin/../lib/libLLVM.dylib' (no such file), '<BOXHOME>/.rustup/toolchains/stable-aarch64-apple-darwin/lib/rustlib/aarch64-apple-darwin/bin/../lib/libLLVM.dylib' (no such file), '<BOXHOME>/lanes/platform-20260917T000530Z/repo/benches/latency/workspace/target/release/deps/libLLVM.dylib' (no such file), '<BOXHOME>/lib/libLLVM.dylib' (no such file), '/usr/local/lib/libLLVM.dylib' (no such file), '/usr/lib/libLLVM.dylib' (no such file, not in dyld cache)
          

warning: `ping_node` (lib) generated 1 warning
    Finished `release` profile [optimized] target(s) in 0.70s
[2m2026-09-17T01:09:27.698659Z[0m [32m INFO[0m [2mcerulion_bagd[0m[2m:[0m bagd recording complete [3mfiles[0m[2m=[0m0 [3mmessages[0m[2m=[0m0 [3mbytes[0m[2m=[0m0 [3mring_records[0m[2m=[0m16846 [3mdropped_unwritten[0m[2m=[0m0 [3mheaderless[0m[2m=[0m0 [3mframes_lost[0m[2m=[0m0 [3muntapped[0m[2m=[0m0
[2m2026-09-17T01:09:27.822555Z[0m [32m INFO[0m exit hygiene: reclaimed dead iceoryx2 node state left by earlier runs [3mcleanups[0m[2m=[0m4 [3mdeferred[0m[2m=[0m0 [3mbudget_ms[0m[2m=[0m2000
[2m2026-09-17T01:09:27.823206Z[0m [32m INFO[0m exit hygiene: reclaimed stale shared-memory state left by earlier runs [3msummary[0m[2m=[0mreclaimed 1 stale .shm_state file(s) at exit, releasing 16.0 KiB of orphaned shared memory [3mreclaimed[0m[2m=[0m1 [3mreleased_bytes[0m[2m=[0m16384
-- delivery accounting (leg=split payload=1048576) --
   schedule_rate=100Hz effective_rate=100.00Hz (period_ms=10)
RTT_DELIVERY role=latency leg=split received=2100 skipped=0 measured=2100
RTT_DELIVERY role=ping leg=split published=2125 slots_skipped=0
RTT_DELIVERY role=pong leg=split forwarded=2100
[2m2026-09-17T01:09:26.068923Z[0m [32m INFO[0m live loop delivery telemetry [3mnode_id[0m[2m=[0mpong [3minput[0m[2m=[0mping_in [3mfires[0m[2m=[0m2100 [3mdrop_oldest[0m[2m=[0m0
[2m2026-09-17T01:09:26.068928Z[0m [32m INFO[0m live loop delivery telemetry [3mnode_id[0m[2m=[0mlatency [3minput[0m[2m=[0mecho_in [3mfires[0m[2m=[0m2100 [3mdrop_oldest[0m[2m=[0m0
[2m2026-09-17T01:09:26.308807Z[0m [32m INFO[0m live loop delivery telemetry [3mnode_id[0m[2m=[0mping [3mfires[0m[2m=[0m2129
   samples_in_bin=2000 measured=2000 warmup=100

========================================
  payload=4194304  pacing=fixed100 rate=100Hz  effective=100.00Hz (period_ms=10)  measured=2000  warmup=100  watchdog=102s
========================================
warning: stripping debug info with `rust-objcopy` failed: signal: 6 (SIGABRT)
  |
  = note: dyld[1528]: Library not loaded: @rpath/libLLVM.dylib
            Referenced from: <AC0D75A8-23BF-301F-B7CE-3E5CC0C1BC06> <BOXHOME>/.rustup/toolchains/stable-aarch64-apple-darwin/lib/rustlib/aarch64-apple-darwin/bin/rust-objcopy
            Reason: tried: '<BOXHOME>/.rustup/toolchains/stable-aarch64-apple-darwin/lib/rustlib/aarch64-apple-darwin/bin/../lib/libLLVM.dylib' (no such file), '<BOXHOME>/.rustup/toolchains/stable-aarch64-apple-darwin/lib/rustlib/aarch64-apple-darwin/bin/../lib/libLLVM.dylib' (no such file), '<BOXHOME>/lanes/platform-20260917T000530Z/repo/benches/latency/workspace/target/release/deps/libLLVM.dylib' (no such file), '<BOXHOME>/lib/libLLVM.dylib' (no such file), '/usr/local/lib/libLLVM.dylib' (no such file), '/usr/lib/libLLVM.dylib' (no such file, not in dyld cache)
          

warning: `cerulion_macros` (lib) generated 1 warning
warning: stripping debug info with `rust-objcopy` failed: signal: 6 (SIGABRT)
  |
  = note: dyld[1680]: Library not loaded: @rpath/libLLVM.dylib
            Referenced from: <AC0D75A8-23BF-301F-B7CE-3E5CC0C1BC06> <BOXHOME>/.rustup/toolchains/stable-aarch64-apple-darwin/lib/rustlib/aarch64-apple-darwin/bin/rust-objcopy
            Reason: tried: '<BOXHOME>/.rustup/toolchains/stable-aarch64-apple-darwin/lib/rustlib/aarch64-apple-darwin/bin/../lib/libLLVM.dylib' (no such file), '<BOXHOME>/.rustup/toolchains/stable-aarch64-apple-darwin/lib/rustlib/aarch64-apple-darwin/bin/../lib/libLLVM.dylib' (no such file), '<BOXHOME>/lanes/platform-20260917T000530Z/repo/benches/latency/workspace/target/release/deps/libLLVM.dylib' (no such file), '<BOXHOME>/lib/libLLVM.dylib' (no such file), '/usr/local/lib/libLLVM.dylib' (no such file), '/usr/lib/libLLVM.dylib' (no such file, not in dyld cache)
          

warning: `native_ros2_messages` (build script) generated 1 warning
warning: native_ros2_messages@0.1.0: message name 'Pose2D' is defined in multiple packages (geometry_msgs, vision_msgs); unqualified references to it are ambiguous - qualify as pkg/Pose2D in .msg files
   Compiling ping_node v0.1.0 (<BOXHOME>/lanes/platform-20260917T000530Z/repo/benches/latency/workspace/nodes/ping_node)
warning: stripping debug info with `rust-objcopy` failed: signal: 6 (SIGABRT)
  |
  = note: dyld[17376]: Library not loaded: @rpath/libLLVM.dylib
            Referenced from: <AC0D75A8-23BF-301F-B7CE-3E5CC0C1BC06> <BOXHOME>/.rustup/toolchains/stable-aarch64-apple-darwin/lib/rustlib/aarch64-apple-darwin/bin/rust-objcopy
            Reason: tried: '<BOXHOME>/.rustup/toolchains/stable-aarch64-apple-darwin/lib/rustlib/aarch64-apple-darwin/bin/../lib/libLLVM.dylib' (no such file), '<BOXHOME>/.rustup/toolchains/stable-aarch64-apple-darwin/lib/rustlib/aarch64-apple-darwin/bin/../lib/libLLVM.dylib' (no such file), '<BOXHOME>/lanes/platform-20260917T000530Z/repo/benches/latency/workspace/target/release/deps/libLLVM.dylib' (no such file), '<BOXHOME>/lib/libLLVM.dylib' (no such file), '/usr/local/lib/libLLVM.dylib' (no such file), '/usr/lib/libLLVM.dylib' (no such file, not in dyld cache)
          

warning: `ping_node` (lib) generated 1 warning
    Finished `release` profile [optimized] target(s) in 2.08s
[2m2026-09-17T01:09:53.239010Z[0m [32m INFO[0m [2mcerulion_bagd[0m[2m:[0m bagd recording complete [3mfiles[0m[2m=[0m0 [3mmessages[0m[2m=[0m0 [3mbytes[0m[2m=[0m0 [3mring_records[0m[2m=[0m16847 [3mdropped_unwritten[0m[2m=[0m0 [3mheaderless[0m[2m=[0m0 [3mframes_lost[0m[2m=[0m0 [3muntapped[0m[2m=[0m0
[2m2026-09-17T01:09:53.344979Z[0m [32m INFO[0m exit hygiene: reclaimed dead iceoryx2 node state left by earlier runs [3mcleanups[0m[2m=[0m4 [3mdeferred[0m[2m=[0m0 [3mbudget_ms[0m[2m=[0m2000
[2m2026-09-17T01:09:53.346374Z[0m [32m INFO[0m exit hygiene: reclaimed stale shared-memory state left by earlier runs [3msummary[0m[2m=[0mreclaimed 2 stale .shm_state file(s) at exit, releasing 32.0 KiB of orphaned shared memory [3mreclaimed[0m[2m=[0m2 [3mreleased_bytes[0m[2m=[0m32768
-- delivery accounting (leg=split payload=4194304) --
   schedule_rate=100Hz effective_rate=100.00Hz (period_ms=10)
RTT_DELIVERY role=latency leg=split received=2100 skipped=0 measured=2100
RTT_DELIVERY role=ping leg=split published=2121 slots_skipped=0
RTT_DELIVERY role=pong leg=split forwarded=2100
[2m2026-09-17T01:09:51.663880Z[0m [32m INFO[0m live loop delivery telemetry [3mnode_id[0m[2m=[0mpong [3minput[0m[2m=[0mping_in [3mfires[0m[2m=[0m2100 [3mdrop_oldest[0m[2m=[0m0
[2m2026-09-17T01:09:51.663885Z[0m [32m INFO[0m live loop delivery telemetry [3mnode_id[0m[2m=[0mlatency [3minput[0m[2m=[0mecho_in [3mfires[0m[2m=[0m2100 [3mdrop_oldest[0m[2m=[0m0
[2m2026-09-17T01:09:51.873767Z[0m [32m INFO[0m live loop delivery telemetry [3mnode_id[0m[2m=[0mping [3mfires[0m[2m=[0m2125
   samples_in_bin=2000 measured=2000 warmup=100

========================================
  payload=16777216  pacing=fixed100 rate=100Hz  effective=100.00Hz (period_ms=10)  measured=2000  warmup=100  watchdog=102s
========================================
warning: stripping debug info with `rust-objcopy` failed: signal: 6 (SIGABRT)
  |
  = note: dyld[1528]: Library not loaded: @rpath/libLLVM.dylib
            Referenced from: <AC0D75A8-23BF-301F-B7CE-3E5CC0C1BC06> <BOXHOME>/.rustup/toolchains/stable-aarch64-apple-darwin/lib/rustlib/aarch64-apple-darwin/bin/rust-objcopy
            Reason: tried: '<BOXHOME>/.rustup/toolchains/stable-aarch64-apple-darwin/lib/rustlib/aarch64-apple-darwin/bin/../lib/libLLVM.dylib' (no such file), '<BOXHOME>/.rustup/toolchains/stable-aarch64-apple-darwin/lib/rustlib/aarch64-apple-darwin/bin/../lib/libLLVM.dylib' (no such file), '<BOXHOME>/lanes/platform-20260917T000530Z/repo/benches/latency/workspace/target/release/deps/libLLVM.dylib' (no such file), '<BOXHOME>/lib/libLLVM.dylib' (no such file), '/usr/local/lib/libLLVM.dylib' (no such file), '/usr/lib/libLLVM.dylib' (no such file, not in dyld cache)
          

warning: `cerulion_macros` (lib) generated 1 warning
warning: stripping debug info with `rust-objcopy` failed: signal: 6 (SIGABRT)
  |
  = note: dyld[1680]: Library not loaded: @rpath/libLLVM.dylib
            Referenced from: <AC0D75A8-23BF-301F-B7CE-3E5CC0C1BC06> <BOXHOME>/.rustup/toolchains/stable-aarch64-apple-darwin/lib/rustlib/aarch64-apple-darwin/bin/rust-objcopy
            Reason: tried: '<BOXHOME>/.rustup/toolchains/stable-aarch64-apple-darwin/lib/rustlib/aarch64-apple-darwin/bin/../lib/libLLVM.dylib' (no such file), '<BOXHOME>/.rustup/toolchains/stable-aarch64-apple-darwin/lib/rustlib/aarch64-apple-darwin/bin/../lib/libLLVM.dylib' (no such file), '<BOXHOME>/lanes/platform-20260917T000530Z/repo/benches/latency/workspace/target/release/deps/libLLVM.dylib' (no such file), '<BOXHOME>/lib/libLLVM.dylib' (no such file), '/usr/local/lib/libLLVM.dylib' (no such file), '/usr/lib/libLLVM.dylib' (no such file, not in dyld cache)
          

warning: `native_ros2_messages` (build script) generated 1 warning
warning: native_ros2_messages@0.1.0: message name 'Pose2D' is defined in multiple packages (geometry_msgs, vision_msgs); unqualified references to it are ambiguous - qualify as pkg/Pose2D in .msg files
   Compiling ping_node v0.1.0 (<BOXHOME>/lanes/platform-20260917T000530Z/repo/benches/latency/workspace/nodes/ping_node)
warning: stripping debug info with `rust-objcopy` failed: signal: 6 (SIGABRT)
  |
  = note: dyld[17456]: Library not loaded: @rpath/libLLVM.dylib
            Referenced from: <AC0D75A8-23BF-301F-B7CE-3E5CC0C1BC06> <BOXHOME>/.rustup/toolchains/stable-aarch64-apple-darwin/lib/rustlib/aarch64-apple-darwin/bin/rust-objcopy
            Reason: tried: '<BOXHOME>/.rustup/toolchains/stable-aarch64-apple-darwin/lib/rustlib/aarch64-apple-darwin/bin/../lib/libLLVM.dylib' (no such file), '<BOXHOME>/.rustup/toolchains/stable-aarch64-apple-darwin/lib/rustlib/aarch64-apple-darwin/bin/../lib/libLLVM.dylib' (no such file), '<BOXHOME>/lanes/platform-20260917T000530Z/repo/benches/latency/workspace/target/release/deps/libLLVM.dylib' (no such file), '<BOXHOME>/lib/libLLVM.dylib' (no such file), '/usr/local/lib/libLLVM.dylib' (no such file), '/usr/lib/libLLVM.dylib' (no such file, not in dyld cache)
          

warning: `ping_node` (lib) generated 1 warning
    Finished `release` profile [optimized] target(s) in 1.26s
[2m2026-09-17T01:10:17.974392Z[0m [32m INFO[0m [2mcerulion_bagd[0m[2m:[0m bagd recording complete [3mfiles[0m[2m=[0m0 [3mmessages[0m[2m=[0m0 [3mbytes[0m[2m=[0m0 [3mring_records[0m[2m=[0m16831 [3mdropped_unwritten[0m[2m=[0m0 [3mheaderless[0m[2m=[0m0 [3mframes_lost[0m[2m=[0m0 [3muntapped[0m[2m=[0m0
[2m2026-09-17T01:10:18.037040Z[0m [32m INFO[0m exit hygiene: reclaimed dead iceoryx2 node state left by earlier runs [3mcleanups[0m[2m=[0m4 [3mdeferred[0m[2m=[0m0 [3mbudget_ms[0m[2m=[0m2000
[2m2026-09-17T01:10:18.038365Z[0m [32m INFO[0m exit hygiene: reclaimed stale shared-memory state left by earlier runs [3msummary[0m[2m=[0mreclaimed 1 stale .shm_state file(s) at exit, releasing 16.0 KiB of orphaned shared memory [3mreclaimed[0m[2m=[0m1 [3mreleased_bytes[0m[2m=[0m16384
-- delivery accounting (leg=split payload=16777216) --
   schedule_rate=100Hz effective_rate=100.00Hz (period_ms=10)
RTT_DELIVERY role=latency leg=split received=2100 skipped=0 measured=2100
RTT_DELIVERY role=ping leg=split published=2113 slots_skipped=0
RTT_DELIVERY role=pong leg=split forwarded=2100
[2m2026-09-17T01:10:16.468097Z[0m [32m INFO[0m live loop delivery telemetry [3mnode_id[0m[2m=[0mpong [3minput[0m[2m=[0mping_in [3mfires[0m[2m=[0m2100 [3mdrop_oldest[0m[2m=[0m0
[2m2026-09-17T01:10:16.468104Z[0m [32m INFO[0m live loop delivery telemetry [3mnode_id[0m[2m=[0mlatency [3minput[0m[2m=[0mecho_in [3mfires[0m[2m=[0m2100 [3mdrop_oldest[0m[2m=[0m0
[2m2026-09-17T01:10:16.597156Z[0m [32m INFO[0m live loop delivery telemetry [3mnode_id[0m[2m=[0mping [3mfires[0m[2m=[0m2117
   samples_in_bin=2000 measured=2000 warmup=100

========================================
  Done - leg=split raw .bin samples in <BOXHOME>/lanes/platform-20260917T000530Z/run-platform/rep3/raw
  (percentiles are computed OFFLINE from the .bins - compile_csv.py)
========================================
-rw-r--r--  1 root  staff  16000 Sep 16 18:07 <BOXHOME>/lanes/platform-20260917T000530Z/run-platform/rep3/raw/cerulion_workspace_split_chrt0_1024.bin
-rw-r--r--  1 root  staff  16000 Sep 16 18:09 <BOXHOME>/lanes/platform-20260917T000530Z/run-platform/rep3/raw/cerulion_workspace_split_chrt0_1048576.bin
-rw-r--r--  1 root  staff  16000 Sep 16 18:08 <BOXHOME>/lanes/platform-20260917T000530Z/run-platform/rep3/raw/cerulion_workspace_split_chrt0_16384.bin
-rw-r--r--  1 root  staff  16000 Sep 16 18:10 <BOXHOME>/lanes/platform-20260917T000530Z/run-platform/rep3/raw/cerulion_workspace_split_chrt0_16777216.bin
-rw-r--r--  1 root  staff  16000 Sep 16 18:07 <BOXHOME>/lanes/platform-20260917T000530Z/run-platform/rep3/raw/cerulion_workspace_split_chrt0_256.bin
-rw-r--r--  1 root  staff  16000 Sep 16 18:09 <BOXHOME>/lanes/platform-20260917T000530Z/run-platform/rep3/raw/cerulion_workspace_split_chrt0_262144.bin
-rw-r--r--  1 root  staff  16000 Sep 16 18:07 <BOXHOME>/lanes/platform-20260917T000530Z/run-platform/rep3/raw/cerulion_workspace_split_chrt0_4096.bin
-rw-r--r--  1 root  staff  16000 Sep 16 18:09 <BOXHOME>/lanes/platform-20260917T000530Z/run-platform/rep3/raw/cerulion_workspace_split_chrt0_4194304.bin
-rw-r--r--  1 root  staff  16000 Sep 16 18:06 <BOXHOME>/lanes/platform-20260917T000530Z/run-platform/rep3/raw/cerulion_workspace_split_chrt0_64.bin
-rw-r--r--  1 root  staff  16000 Sep 16 18:08 <BOXHOME>/lanes/platform-20260917T000530Z/run-platform/rep3/raw/cerulion_workspace_split_chrt0_65536.bin
