cpu_dma_lock: open(/dev/cpu_dma_latency) failed: No such file or directory - continuing without DMA lock (p99 may degrade)
cpu_dma_lock: open(/dev/cpu_dma_latency) failed: No such file or directory - continuing without DMA lock (p99 may degrade)
cpu_dma_lock: open(/dev/cpu_dma_latency) failed: No such file or directory - continuing without DMA lock (p99 may degrade)
2026-09-18T15:05:42.450765Z  WARN rmw_cerulion::api::pubsub: requested QoS depth differs from the depth Cerulion provisioned - an rmw subscription's requested depth is NOT applied to its queue today, so the queue is the transport default; endpoint info reports the provisioned depth topic=/parameter_events requested_depth=1000 provisioned_depth=16
[INFO] [1789743942.451669079] [ros2_rtt_bench_latency_rcl]: Msg::is_plain: 1 (has_fixed_size=1, is_trivially_copyable=1, sizeof=1048576)
2026-09-18T15:05:42.453527Z  WARN rmw_cerulion::api::pubsub: requested QoS depth differs from the depth Cerulion provisioned - an rmw subscription's requested depth is NOT applied to its queue today, so the queue is the transport default; endpoint info reports the provisioned depth topic=/echo requested_depth=1 provisioned_depth=16
[WARN] [1789743942.453550405] [ros2_rtt_bench_latency_rcl]: Loaned messages are only safe with const ref subscription callbacks. If you are using any other kind of subscriptions, set the ROS_DISABLE_LOANED_MESSAGES environment variable to 1 (the default).
[INFO] [1789743942.453556366] [ros2_rtt_bench_latency_rcl]: latency_node_rcl ready (payload=1048576 target=2000 warmup=100 chrt=0 loaned=1 qos=be1 pacing=quiescent rcl_take_loaned_recv=1 readiness=matched+probe)
2026-09-18T15:05:42.458809Z  WARN rmw_cerulion::api::pubsub: requested QoS depth differs from the depth Cerulion provisioned - an rmw subscription's requested depth is NOT applied to its queue today, so the queue is the transport default; endpoint info reports the provisioned depth topic=/parameter_events requested_depth=1000 provisioned_depth=16
[INFO] [1789743942.459620007] [ros2_rtt_bench_pong_rcl]: Msg::is_plain: 1 (has_fixed_size=1, is_trivially_copyable=1, sizeof=1048576)
2026-09-18T15:05:42.460133Z  WARN rmw_cerulion::api::pubsub: requested QoS depth differs from the depth Cerulion provisioned - an rmw subscription's requested depth is NOT applied to its queue today, so the queue is the transport default; endpoint info reports the provisioned depth topic=/parameter_events requested_depth=1000 provisioned_depth=16
[INFO] [1789743942.460973768] [ros2_rtt_bench_ping]: Msg::is_plain: 1 (has_fixed_size=1, is_trivially_copyable=1, sizeof=1048576)
[WARN] [1789743942.469105819] [ros2_rtt_bench_pong_rcl]: CER_BENCH_PONG_ATTRIB=1: per-echo phase timing is ON. The clock reads sit INSIDE the window this node contributes to the round trip, so any latency measured in this run is a diagnostic, not a published number.
2026-09-18T15:05:42.470480Z  WARN rmw_cerulion::api::pubsub: requested QoS depth differs from the depth Cerulion provisioned - an rmw subscription's requested depth is NOT applied to its queue today, so the queue is the transport default; endpoint info reports the provisioned depth topic=/kick requested_depth=1 provisioned_depth=16
[INFO] [1789743942.470505255] [ros2_rtt_bench_ping]: ping_node ready (msg=pod payload=1048576 loaned=1 qos=be1)
2026-09-18T15:05:42.473737Z  WARN rmw_cerulion::api::pubsub: requested QoS depth differs from the depth Cerulion provisioned - an rmw subscription's requested depth is NOT applied to its queue today, so the queue is the transport default; endpoint info reports the provisioned depth topic=/ping requested_depth=1 provisioned_depth=16
[WARN] [1789743942.473762223] [ros2_rtt_bench_pong_rcl]: Loaned messages are only safe with const ref subscription callbacks. If you are using any other kind of subscriptions, set the ROS_DISABLE_LOANED_MESSAGES environment variable to 1 (the default).
[INFO] [1789743942.474225714] [ros2_rtt_bench_pong_rcl]: pong_node_rcl ready (msg_size=1048576 loaned_pub=1 qos=be1 rcl_take_loaned_recv=1 echo_rule=prefetched_loan prefetch_depth=1 refill_defer_us=1000)
[WARN] [1789743942.477337227] [ros2_rtt_bench_ping]: Loaned messages are only safe with const ref subscription callbacks. If you are using any other kind of subscriptions, set the ROS_DISABLE_LOANED_MESSAGES environment variable to 1 (the default).
[INFO] [1789743942.479414807] [ros2_rtt_bench_latency_rcl]: readiness=matched+probe: chain proven by data (1 probe kicks, 1 probe echoes). Those round trips are warm up and are not measured; the measured window starts at the bootstrap kick below.
[INFO] [1789743963.474102261] [ros2_rtt_bench_latency_rcl]: RAW_DUMP_DONE payload=1048576 samples=2000 bytes=16000 path=/raw/d_1048576.bin
DELIVERY role=latency received=2100 kicks_sent=2101 take_failures=0 return_failures=0 unstamped=0 nonpositive_rtt=0
[INFO] [1789743963.514622133] [rclcpp]: signal_handler(SIGINT/SIGTERM)
[INFO] [1789743963.517368604] [rclcpp]: signal_handler(SIGINT/SIGTERM)
DELIVERY role=ping published=2101
PONG_ATTRIB payload=1048576 echoes=1891 warmup_discarded=210 take_p50=437 take_p90=501 return_p50=83 return_p90=105 borrow_p50=0 borrow_p90=0 publish_p50=2055 publish_p90=2485 refill_n=2101 refill_p50=12180 refill_p90=13246 refill_max=455528 (ns)
DELIVERY role=pong echoed=2101 take_failures=0 return_failures=0
