run_workspace.sh: stock mode - C-state exits unmanaged, tails not comparable to capped runs
  (CER_BENCH_DMA_LOCK=0: CERULION_CPU_DMA_LOCK is UNSET for the graph, inherited value included;
   no /dev/cpu_dma_latency cap is held)
Rebuilding cerulion binary + workspace cdylibs (release) for iceoryx2 parity...
warning: stripping debug info with `rust-objcopy` failed: signal: 6 (SIGABRT)
  |
  = note: dyld[98544]: Library not loaded: @rpath/libLLVM.dylib
            Referenced from: <AC0D75A8-23BF-301F-B7CE-3E5CC0C1BC06> <BOXHOME>/.rustup/toolchains/stable-aarch64-apple-darwin/lib/rustlib/aarch64-apple-darwin/bin/rust-objcopy
            Reason: tried: '<BOXHOME>/.rustup/toolchains/stable-aarch64-apple-darwin/lib/rustlib/aarch64-apple-darwin/bin/../lib/libLLVM.dylib' (no such file), '<BOXHOME>/.rustup/toolchains/stable-aarch64-apple-darwin/lib/rustlib/aarch64-apple-darwin/bin/../lib/libLLVM.dylib' (no such file), '<BOXHOME>/lanes/platform-20260917T000530Z/repo/target/release/deps/libLLVM.dylib' (no such file), '<BOXHOME>/lib/libLLVM.dylib' (no such file), '/usr/local/lib/libLLVM.dylib' (no such file), '/usr/lib/libLLVM.dylib' (no such file, not in dyld cache)
          

warning: `cerulion_macros` (lib) generated 1 warning
warning: stripping debug info with `rust-objcopy` failed: signal: 6 (SIGABRT)
  |
  = note: dyld[99324]: Library not loaded: @rpath/libLLVM.dylib
            Referenced from: <AC0D75A8-23BF-301F-B7CE-3E5CC0C1BC06> <BOXHOME>/.rustup/toolchains/stable-aarch64-apple-darwin/lib/rustlib/aarch64-apple-darwin/bin/rust-objcopy
            Reason: tried: '<BOXHOME>/.rustup/toolchains/stable-aarch64-apple-darwin/lib/rustlib/aarch64-apple-darwin/bin/../lib/libLLVM.dylib' (no such file), '<BOXHOME>/.rustup/toolchains/stable-aarch64-apple-darwin/lib/rustlib/aarch64-apple-darwin/bin/../lib/libLLVM.dylib' (no such file), '<BOXHOME>/lanes/platform-20260917T000530Z/repo/target/release/deps/libLLVM.dylib' (no such file), '<BOXHOME>/lib/libLLVM.dylib' (no such file), '/usr/local/lib/libLLVM.dylib' (no such file), '/usr/lib/libLLVM.dylib' (no such file, not in dyld cache)
          

warning: `native_ros2_messages` (build script) generated 1 warning
warning: native_ros2_messages@0.1.0: message name 'Pose2D' is defined in multiple packages (geometry_msgs, vision_msgs); unqualified references to it are ambiguous - qualify as pkg/Pose2D in .msg files
warning: stripping debug info with `rust-objcopy` failed: signal: 6 (SIGABRT)
  |
  = note: dyld[99716]: Library not loaded: @rpath/libLLVM.dylib
            Referenced from: <AC0D75A8-23BF-301F-B7CE-3E5CC0C1BC06> <BOXHOME>/.rustup/toolchains/stable-aarch64-apple-darwin/lib/rustlib/aarch64-apple-darwin/bin/rust-objcopy
            Reason: tried: '<BOXHOME>/.rustup/toolchains/stable-aarch64-apple-darwin/lib/rustlib/aarch64-apple-darwin/bin/../lib/libLLVM.dylib' (no such file), '<BOXHOME>/.rustup/toolchains/stable-aarch64-apple-darwin/lib/rustlib/aarch64-apple-darwin/bin/../lib/libLLVM.dylib' (no such file), '<BOXHOME>/lanes/platform-20260917T000530Z/repo/target/release/deps/libLLVM.dylib' (no such file), '<BOXHOME>/lib/libLLVM.dylib' (no such file), '/usr/local/lib/libLLVM.dylib' (no such file), '/usr/lib/libLLVM.dylib' (no such file, not in dyld cache)
          

warning: `cerulion_cli` (bin "cerulion") generated 1 warning
    Finished `release` profile [optimized] target(s) in 0.79s
warning: the following packages contain code that will be rejected by a future version of Rust: binrw v0.15.1
note: to see what the problems were, use the option `--future-incompat-report`, or run `cargo report future-incompatibilities --id 1`
warning: stripping debug info with `rust-objcopy` failed: signal: 6 (SIGABRT)
  |
  = note: dyld[1528]: Library not loaded: @rpath/libLLVM.dylib
            Referenced from: <AC0D75A8-23BF-301F-B7CE-3E5CC0C1BC06> <BOXHOME>/.rustup/toolchains/stable-aarch64-apple-darwin/lib/rustlib/aarch64-apple-darwin/bin/rust-objcopy
            Reason: tried: '<BOXHOME>/.rustup/toolchains/stable-aarch64-apple-darwin/lib/rustlib/aarch64-apple-darwin/bin/../lib/libLLVM.dylib' (no such file), '<BOXHOME>/.rustup/toolchains/stable-aarch64-apple-darwin/lib/rustlib/aarch64-apple-darwin/bin/../lib/libLLVM.dylib' (no such file), '<BOXHOME>/lanes/platform-20260917T000530Z/repo/benches/latency/workspace/target/release/deps/libLLVM.dylib' (no such file), '<BOXHOME>/lib/libLLVM.dylib' (no such file), '/usr/local/lib/libLLVM.dylib' (no such file), '/usr/lib/libLLVM.dylib' (no such file, not in dyld cache)
          

warning: `cerulion_macros` (lib) generated 1 warning
warning: stripping debug info with `rust-objcopy` failed: signal: 6 (SIGABRT)
  |
  = note: dyld[1678]: Library not loaded: @rpath/libLLVM.dylib
            Referenced from: <AC0D75A8-23BF-301F-B7CE-3E5CC0C1BC06> <BOXHOME>/.rustup/toolchains/stable-aarch64-apple-darwin/lib/rustlib/aarch64-apple-darwin/bin/rust-objcopy
            Reason: tried: '<BOXHOME>/.rustup/toolchains/stable-aarch64-apple-darwin/lib/rustlib/aarch64-apple-darwin/bin/../lib/libLLVM.dylib' (no such file), '<BOXHOME>/.rustup/toolchains/stable-aarch64-apple-darwin/lib/rustlib/aarch64-apple-darwin/bin/../lib/libLLVM.dylib' (no such file), '<BOXHOME>/lanes/platform-20260917T000530Z/repo/benches/latency/workspace/target/release/deps/libLLVM.dylib' (no such file), '<BOXHOME>/lib/libLLVM.dylib' (no such file), '/usr/local/lib/libLLVM.dylib' (no such file), '/usr/lib/libLLVM.dylib' (no such file, not in dyld cache)
          

warning: stripping debug info with `rust-objcopy` failed: signal: 6 (SIGABRT)
  |
  = note: dyld[1680]: Library not loaded: @rpath/libLLVM.dylib
            Referenced from: <AC0D75A8-23BF-301F-B7CE-3E5CC0C1BC06> <BOXHOME>/.rustup/toolchains/stable-aarch64-apple-darwin/lib/rustlib/aarch64-apple-darwin/bin/rust-objcopy
            Reason: tried: '<BOXHOME>/.rustup/toolchains/stable-aarch64-apple-darwin/lib/rustlib/aarch64-apple-darwin/bin/../lib/libLLVM.dylib' (no such file), '<BOXHOME>/.rustup/toolchains/stable-aarch64-apple-darwin/lib/rustlib/aarch64-apple-darwin/bin/../lib/libLLVM.dylib' (no such file), '<BOXHOME>/lanes/platform-20260917T000530Z/repo/benches/latency/workspace/target/release/deps/libLLVM.dylib' (no such file), '<BOXHOME>/lib/libLLVM.dylib' (no such file), '/usr/local/lib/libLLVM.dylib' (no such file), '/usr/lib/libLLVM.dylib' (no such file, not in dyld cache)
          

warning: `cer_bench_msgs` (build script) generated 1 warning
warning: `native_ros2_messages` (build script) generated 1 warning
warning: native_ros2_messages@0.1.0: message name 'Pose2D' is defined in multiple packages (geometry_msgs, vision_msgs); unqualified references to it are ambiguous - qualify as pkg/Pose2D in .msg files
warning: stripping debug info with `rust-objcopy` failed: signal: 6 (SIGABRT)
  |
  = note: dyld[1798]: Library not loaded: @rpath/libLLVM.dylib
            Referenced from: <AC0D75A8-23BF-301F-B7CE-3E5CC0C1BC06> <BOXHOME>/.rustup/toolchains/stable-aarch64-apple-darwin/lib/rustlib/aarch64-apple-darwin/bin/rust-objcopy
            Reason: tried: '<BOXHOME>/.rustup/toolchains/stable-aarch64-apple-darwin/lib/rustlib/aarch64-apple-darwin/bin/../lib/libLLVM.dylib' (no such file), '<BOXHOME>/.rustup/toolchains/stable-aarch64-apple-darwin/lib/rustlib/aarch64-apple-darwin/bin/../lib/libLLVM.dylib' (no such file), '<BOXHOME>/lanes/platform-20260917T000530Z/repo/benches/latency/workspace/target/release/deps/libLLVM.dylib' (no such file), '<BOXHOME>/lib/libLLVM.dylib' (no such file), '/usr/local/lib/libLLVM.dylib' (no such file), '/usr/lib/libLLVM.dylib' (no such file, not in dyld cache)
          

warning: stripping debug info with `rust-objcopy` failed: signal: 6 (SIGABRT)
  |
  = note: dyld[21947]: Library not loaded: @rpath/libLLVM.dylib
            Referenced from: <AC0D75A8-23BF-301F-B7CE-3E5CC0C1BC06> <BOXHOME>/.rustup/toolchains/stable-aarch64-apple-darwin/lib/rustlib/aarch64-apple-darwin/bin/rust-objcopy
            Reason: tried: '<BOXHOME>/.rustup/toolchains/stable-aarch64-apple-darwin/lib/rustlib/aarch64-apple-darwin/bin/../lib/libLLVM.dylib' (no such file), '<BOXHOME>/.rustup/toolchains/stable-aarch64-apple-darwin/lib/rustlib/aarch64-apple-darwin/bin/../lib/libLLVM.dylib' (no such file), '<BOXHOME>/lanes/platform-20260917T000530Z/repo/benches/latency/workspace/target/release/deps/libLLVM.dylib' (no such file), '<BOXHOME>/lib/libLLVM.dylib' (no such file), '/usr/local/lib/libLLVM.dylib' (no such file), '/usr/lib/libLLVM.dylib' (no such file, not in dyld cache)
          

warning: stripping debug info with `rust-objcopy` failed: signal: 6 (SIGABRT)
  |
  = note: dyld[1811]: Library not loaded: @rpath/libLLVM.dylib
            Referenced from: <AC0D75A8-23BF-301F-B7CE-3E5CC0C1BC06> <BOXHOME>/.rustup/toolchains/stable-aarch64-apple-darwin/lib/rustlib/aarch64-apple-darwin/bin/rust-objcopy
            Reason: tried: '<BOXHOME>/.rustup/toolchains/stable-aarch64-apple-darwin/lib/rustlib/aarch64-apple-darwin/bin/../lib/libLLVM.dylib' (no such file), '<BOXHOME>/.rustup/toolchains/stable-aarch64-apple-darwin/lib/rustlib/aarch64-apple-darwin/bin/../lib/libLLVM.dylib' (no such file), '<BOXHOME>/lanes/platform-20260917T000530Z/repo/benches/latency/workspace/target/release/deps/libLLVM.dylib' (no such file), '<BOXHOME>/lib/libLLVM.dylib' (no such file), '/usr/local/lib/libLLVM.dylib' (no such file), '/usr/lib/libLLVM.dylib' (no such file, not in dyld cache)
          

warning: stripping debug info with `rust-objcopy` failed: signal: 6 (SIGABRT)
  |
  = note: dyld[1842]: Library not loaded: @rpath/libLLVM.dylib
            Referenced from: <AC0D75A8-23BF-301F-B7CE-3E5CC0C1BC06> <BOXHOME>/.rustup/toolchains/stable-aarch64-apple-darwin/lib/rustlib/aarch64-apple-darwin/bin/rust-objcopy
            Reason: tried: '<BOXHOME>/.rustup/toolchains/stable-aarch64-apple-darwin/lib/rustlib/aarch64-apple-darwin/bin/../lib/libLLVM.dylib' (no such file), '<BOXHOME>/.rustup/toolchains/stable-aarch64-apple-darwin/lib/rustlib/aarch64-apple-darwin/bin/../lib/libLLVM.dylib' (no such file), '<BOXHOME>/lanes/platform-20260917T000530Z/repo/benches/latency/workspace/target/release/deps/libLLVM.dylib' (no such file), '<BOXHOME>/lib/libLLVM.dylib' (no such file), '/usr/local/lib/libLLVM.dylib' (no such file), '/usr/lib/libLLVM.dylib' (no such file, not in dyld cache)
          

warning: stripping debug info with `rust-objcopy` failed: signal: 6 (SIGABRT)
  |
  = note: dyld[1866]: Library not loaded: @rpath/libLLVM.dylib
            Referenced from: <AC0D75A8-23BF-301F-B7CE-3E5CC0C1BC06> <BOXHOME>/.rustup/toolchains/stable-aarch64-apple-darwin/lib/rustlib/aarch64-apple-darwin/bin/rust-objcopy
            Reason: tried: '<BOXHOME>/.rustup/toolchains/stable-aarch64-apple-darwin/lib/rustlib/aarch64-apple-darwin/bin/../lib/libLLVM.dylib' (no such file), '<BOXHOME>/.rustup/toolchains/stable-aarch64-apple-darwin/lib/rustlib/aarch64-apple-darwin/bin/../lib/libLLVM.dylib' (no such file), '<BOXHOME>/lanes/platform-20260917T000530Z/repo/benches/latency/workspace/target/release/deps/libLLVM.dylib' (no such file), '<BOXHOME>/lib/libLLVM.dylib' (no such file), '/usr/local/lib/libLLVM.dylib' (no such file), '/usr/lib/libLLVM.dylib' (no such file, not in dyld cache)
          

warning: stripping debug info with `rust-objcopy` failed: signal: 6 (SIGABRT)
  |
  = note: dyld[1892]: Library not loaded: @rpath/libLLVM.dylib
            Referenced from: <AC0D75A8-23BF-301F-B7CE-3E5CC0C1BC06> <BOXHOME>/.rustup/toolchains/stable-aarch64-apple-darwin/lib/rustlib/aarch64-apple-darwin/bin/rust-objcopy
            Reason: tried: '<BOXHOME>/.rustup/toolchains/stable-aarch64-apple-darwin/lib/rustlib/aarch64-apple-darwin/bin/../lib/libLLVM.dylib' (no such file), '<BOXHOME>/.rustup/toolchains/stable-aarch64-apple-darwin/lib/rustlib/aarch64-apple-darwin/bin/../lib/libLLVM.dylib' (no such file), '<BOXHOME>/lanes/platform-20260917T000530Z/repo/benches/latency/workspace/target/release/deps/libLLVM.dylib' (no such file), '<BOXHOME>/lib/libLLVM.dylib' (no such file), '/usr/local/lib/libLLVM.dylib' (no such file), '/usr/lib/libLLVM.dylib' (no such file, not in dyld cache)
          

warning: `pod_latency_node` (lib) generated 1 warning
warning: `ping_node` (lib) generated 1 warning
warning: `pod_pong_node` (lib) generated 1 warning
warning: `pod_ping_node` (lib) generated 1 warning
warning: `latency_node` (lib) generated 1 warning
warning: `pong_node` (lib) generated 1 warning
    Finished `release` profile [optimized] target(s) in 0.31s

leg=split graph=rtt_bench_split msg=variable pacing=fixed100 raw_name=cerulion_workspace_split_chrt0
sizes: 64 256 1024 4096 16384 65536 262144 1048576 4194304 16777216

========================================
  payload=64  pacing=fixed100 rate=100Hz  effective=100.00Hz (period_ms=10)  measured=2000  warmup=100  watchdog=102s
========================================
warning: stripping debug info with `rust-objcopy` failed: signal: 6 (SIGABRT)
  |
  = note: dyld[1528]: Library not loaded: @rpath/libLLVM.dylib
            Referenced from: <AC0D75A8-23BF-301F-B7CE-3E5CC0C1BC06> <BOXHOME>/.rustup/toolchains/stable-aarch64-apple-darwin/lib/rustlib/aarch64-apple-darwin/bin/rust-objcopy
            Reason: tried: '<BOXHOME>/.rustup/toolchains/stable-aarch64-apple-darwin/lib/rustlib/aarch64-apple-darwin/bin/../lib/libLLVM.dylib' (no such file), '<BOXHOME>/.rustup/toolchains/stable-aarch64-apple-darwin/lib/rustlib/aarch64-apple-darwin/bin/../lib/libLLVM.dylib' (no such file), '<BOXHOME>/lanes/platform-20260917T000530Z/repo/benches/latency/workspace/target/release/deps/libLLVM.dylib' (no such file), '<BOXHOME>/lib/libLLVM.dylib' (no such file), '/usr/local/lib/libLLVM.dylib' (no such file), '/usr/lib/libLLVM.dylib' (no such file, not in dyld cache)
          

warning: `cerulion_macros` (lib) generated 1 warning
warning: stripping debug info with `rust-objcopy` failed: signal: 6 (SIGABRT)
  |
  = note: dyld[1680]: Library not loaded: @rpath/libLLVM.dylib
            Referenced from: <AC0D75A8-23BF-301F-B7CE-3E5CC0C1BC06> <BOXHOME>/.rustup/toolchains/stable-aarch64-apple-darwin/lib/rustlib/aarch64-apple-darwin/bin/rust-objcopy
            Reason: tried: '<BOXHOME>/.rustup/toolchains/stable-aarch64-apple-darwin/lib/rustlib/aarch64-apple-darwin/bin/../lib/libLLVM.dylib' (no such file), '<BOXHOME>/.rustup/toolchains/stable-aarch64-apple-darwin/lib/rustlib/aarch64-apple-darwin/bin/../lib/libLLVM.dylib' (no such file), '<BOXHOME>/lanes/platform-20260917T000530Z/repo/benches/latency/workspace/target/release/deps/libLLVM.dylib' (no such file), '<BOXHOME>/lib/libLLVM.dylib' (no such file), '/usr/local/lib/libLLVM.dylib' (no such file), '/usr/lib/libLLVM.dylib' (no such file, not in dyld cache)
          

warning: `native_ros2_messages` (build script) generated 1 warning
warning: native_ros2_messages@0.1.0: message name 'Pose2D' is defined in multiple packages (geometry_msgs, vision_msgs); unqualified references to it are ambiguous - qualify as pkg/Pose2D in .msg files
   Compiling ping_node v0.1.0 (<BOXHOME>/lanes/platform-20260917T000530Z/repo/benches/latency/workspace/nodes/ping_node)
warning: stripping debug info with `rust-objcopy` failed: signal: 6 (SIGABRT)
  |
  = note: dyld[22161]: Library not loaded: @rpath/libLLVM.dylib
            Referenced from: <AC0D75A8-23BF-301F-B7CE-3E5CC0C1BC06> <BOXHOME>/.rustup/toolchains/stable-aarch64-apple-darwin/lib/rustlib/aarch64-apple-darwin/bin/rust-objcopy
            Reason: tried: '<BOXHOME>/.rustup/toolchains/stable-aarch64-apple-darwin/lib/rustlib/aarch64-apple-darwin/bin/../lib/libLLVM.dylib' (no such file), '<BOXHOME>/.rustup/toolchains/stable-aarch64-apple-darwin/lib/rustlib/aarch64-apple-darwin/bin/../lib/libLLVM.dylib' (no such file), '<BOXHOME>/lanes/platform-20260917T000530Z/repo/benches/latency/workspace/target/release/deps/libLLVM.dylib' (no such file), '<BOXHOME>/lib/libLLVM.dylib' (no such file), '/usr/local/lib/libLLVM.dylib' (no such file), '/usr/lib/libLLVM.dylib' (no such file, not in dyld cache)
          

warning: `ping_node` (lib) generated 1 warning
    Finished `release` profile [optimized] target(s) in 1.59s
[2m2026-09-17T01:22:41.262362Z[0m [32m INFO[0m [2mcerulion_bagd[0m[2m:[0m bagd recording complete [3mfiles[0m[2m=[0m0 [3mmessages[0m[2m=[0m0 [3mbytes[0m[2m=[0m0 [3mring_records[0m[2m=[0m16816 [3mdropped_unwritten[0m[2m=[0m0 [3mheaderless[0m[2m=[0m0 [3mframes_lost[0m[2m=[0m0 [3muntapped[0m[2m=[0m0
[2m2026-09-17T01:22:41.301032Z[0m [32m INFO[0m exit hygiene: reclaimed dead iceoryx2 node state left by earlier runs [3mcleanups[0m[2m=[0m4 [3mdeferred[0m[2m=[0m0 [3mbudget_ms[0m[2m=[0m2000
[2m2026-09-17T01:22:41.301250Z[0m [32m INFO[0m exit hygiene: reclaimed stale shared-memory state left by earlier runs [3msummary[0m[2m=[0mreclaimed 1 stale .shm_state file(s) at exit, releasing 16.0 KiB of orphaned shared memory [3mreclaimed[0m[2m=[0m1 [3mreleased_bytes[0m[2m=[0m16384
-- delivery accounting (leg=split payload=64) --
   schedule_rate=100Hz effective_rate=100.00Hz (period_ms=10)
RTT_DELIVERY role=latency leg=split received=2100 skipped=0 measured=2100
RTT_DELIVERY role=ping leg=split published=2106 slots_skipped=0
RTT_DELIVERY role=pong leg=split forwarded=2100
[2m2026-09-17T01:22:41.116334Z[0m [32m INFO[0m live loop delivery telemetry [3mnode_id[0m[2m=[0mpong [3minput[0m[2m=[0mping_in [3mfires[0m[2m=[0m2100 [3mdrop_oldest[0m[2m=[0m0
[2m2026-09-17T01:22:41.116338Z[0m [32m INFO[0m live loop delivery telemetry [3mnode_id[0m[2m=[0mlatency [3minput[0m[2m=[0mecho_in [3mfires[0m[2m=[0m2100 [3mdrop_oldest[0m[2m=[0m0
[2m2026-09-17T01:22:41.176211Z[0m [32m INFO[0m live loop delivery telemetry [3mnode_id[0m[2m=[0mping [3mfires[0m[2m=[0m2110
   samples_in_bin=2000 measured=2000 warmup=100

========================================
  payload=256  pacing=fixed100 rate=100Hz  effective=100.00Hz (period_ms=10)  measured=2000  warmup=100  watchdog=102s
========================================
warning: stripping debug info with `rust-objcopy` failed: signal: 6 (SIGABRT)
  |
  = note: dyld[1528]: Library not loaded: @rpath/libLLVM.dylib
            Referenced from: <AC0D75A8-23BF-301F-B7CE-3E5CC0C1BC06> <BOXHOME>/.rustup/toolchains/stable-aarch64-apple-darwin/lib/rustlib/aarch64-apple-darwin/bin/rust-objcopy
            Reason: tried: '<BOXHOME>/.rustup/toolchains/stable-aarch64-apple-darwin/lib/rustlib/aarch64-apple-darwin/bin/../lib/libLLVM.dylib' (no such file), '<BOXHOME>/.rustup/toolchains/stable-aarch64-apple-darwin/lib/rustlib/aarch64-apple-darwin/bin/../lib/libLLVM.dylib' (no such file), '<BOXHOME>/lanes/platform-20260917T000530Z/repo/benches/latency/workspace/target/release/deps/libLLVM.dylib' (no such file), '<BOXHOME>/lib/libLLVM.dylib' (no such file), '/usr/local/lib/libLLVM.dylib' (no such file), '/usr/lib/libLLVM.dylib' (no such file, not in dyld cache)
          

warning: `cerulion_macros` (lib) generated 1 warning
warning: stripping debug info with `rust-objcopy` failed: signal: 6 (SIGABRT)
  |
  = note: dyld[1680]: Library not loaded: @rpath/libLLVM.dylib
            Referenced from: <AC0D75A8-23BF-301F-B7CE-3E5CC0C1BC06> <BOXHOME>/.rustup/toolchains/stable-aarch64-apple-darwin/lib/rustlib/aarch64-apple-darwin/bin/rust-objcopy
            Reason: tried: '<BOXHOME>/.rustup/toolchains/stable-aarch64-apple-darwin/lib/rustlib/aarch64-apple-darwin/bin/../lib/libLLVM.dylib' (no such file), '<BOXHOME>/.rustup/toolchains/stable-aarch64-apple-darwin/lib/rustlib/aarch64-apple-darwin/bin/../lib/libLLVM.dylib' (no such file), '<BOXHOME>/lanes/platform-20260917T000530Z/repo/benches/latency/workspace/target/release/deps/libLLVM.dylib' (no such file), '<BOXHOME>/lib/libLLVM.dylib' (no such file), '/usr/local/lib/libLLVM.dylib' (no such file), '/usr/lib/libLLVM.dylib' (no such file, not in dyld cache)
          

warning: `native_ros2_messages` (build script) generated 1 warning
warning: native_ros2_messages@0.1.0: message name 'Pose2D' is defined in multiple packages (geometry_msgs, vision_msgs); unqualified references to it are ambiguous - qualify as pkg/Pose2D in .msg files
   Compiling ping_node v0.1.0 (<BOXHOME>/lanes/platform-20260917T000530Z/repo/benches/latency/workspace/nodes/ping_node)
warning: stripping debug info with `rust-objcopy` failed: signal: 6 (SIGABRT)
  |
  = note: dyld[22608]: Library not loaded: @rpath/libLLVM.dylib
            Referenced from: <AC0D75A8-23BF-301F-B7CE-3E5CC0C1BC06> <BOXHOME>/.rustup/toolchains/stable-aarch64-apple-darwin/lib/rustlib/aarch64-apple-darwin/bin/rust-objcopy
            Reason: tried: '<BOXHOME>/.rustup/toolchains/stable-aarch64-apple-darwin/lib/rustlib/aarch64-apple-darwin/bin/../lib/libLLVM.dylib' (no such file), '<BOXHOME>/.rustup/toolchains/stable-aarch64-apple-darwin/lib/rustlib/aarch64-apple-darwin/bin/../lib/libLLVM.dylib' (no such file), '<BOXHOME>/lanes/platform-20260917T000530Z/repo/benches/latency/workspace/target/release/deps/libLLVM.dylib' (no such file), '<BOXHOME>/lib/libLLVM.dylib' (no such file), '/usr/local/lib/libLLVM.dylib' (no such file), '/usr/lib/libLLVM.dylib' (no such file, not in dyld cache)
          

warning: `ping_node` (lib) generated 1 warning
    Finished `release` profile [optimized] target(s) in 0.75s
[2m2026-09-17T01:23:04.969343Z[0m [32m INFO[0m [2mcerulion_bagd[0m[2m:[0m bagd recording complete [3mfiles[0m[2m=[0m0 [3mmessages[0m[2m=[0m0 [3mbytes[0m[2m=[0m0 [3mring_records[0m[2m=[0m16840 [3mdropped_unwritten[0m[2m=[0m0 [3mheaderless[0m[2m=[0m0 [3mframes_lost[0m[2m=[0m0 [3muntapped[0m[2m=[0m0
[2m2026-09-17T01:23:05.030431Z[0m [32m INFO[0m exit hygiene: reclaimed dead iceoryx2 node state left by earlier runs [3mcleanups[0m[2m=[0m4 [3mdeferred[0m[2m=[0m0 [3mbudget_ms[0m[2m=[0m2000
[2m2026-09-17T01:23:05.030985Z[0m [32m INFO[0m exit hygiene: reclaimed stale shared-memory state left by earlier runs [3msummary[0m[2m=[0mreclaimed 1 stale .shm_state file(s) at exit, releasing 16.0 KiB of orphaned shared memory [3mreclaimed[0m[2m=[0m1 [3mreleased_bytes[0m[2m=[0m16384
-- delivery accounting (leg=split payload=256) --
   schedule_rate=100Hz effective_rate=100.00Hz (period_ms=10)
RTT_DELIVERY role=latency leg=split received=2100 skipped=0 measured=2100
RTT_DELIVERY role=ping leg=split published=2119 slots_skipped=0
RTT_DELIVERY role=pong leg=split forwarded=2100
[2m2026-09-17T01:23:03.653357Z[0m [32m INFO[0m live loop delivery telemetry [3mnode_id[0m[2m=[0mpong [3minput[0m[2m=[0mping_in [3mfires[0m[2m=[0m2100 [3mdrop_oldest[0m[2m=[0m0
[2m2026-09-17T01:23:03.653365Z[0m [32m INFO[0m live loop delivery telemetry [3mnode_id[0m[2m=[0mlatency [3minput[0m[2m=[0mecho_in [3mfires[0m[2m=[0m2100 [3mdrop_oldest[0m[2m=[0m0
[2m2026-09-17T01:23:03.840235Z[0m [32m INFO[0m live loop delivery telemetry [3mnode_id[0m[2m=[0mping [3mfires[0m[2m=[0m2123
   samples_in_bin=2000 measured=2000 warmup=100

========================================
  payload=1024  pacing=fixed100 rate=100Hz  effective=100.00Hz (period_ms=10)  measured=2000  warmup=100  watchdog=102s
========================================
warning: stripping debug info with `rust-objcopy` failed: signal: 6 (SIGABRT)
  |
  = note: dyld[1528]: Library not loaded: @rpath/libLLVM.dylib
            Referenced from: <AC0D75A8-23BF-301F-B7CE-3E5CC0C1BC06> <BOXHOME>/.rustup/toolchains/stable-aarch64-apple-darwin/lib/rustlib/aarch64-apple-darwin/bin/rust-objcopy
            Reason: tried: '<BOXHOME>/.rustup/toolchains/stable-aarch64-apple-darwin/lib/rustlib/aarch64-apple-darwin/bin/../lib/libLLVM.dylib' (no such file), '<BOXHOME>/.rustup/toolchains/stable-aarch64-apple-darwin/lib/rustlib/aarch64-apple-darwin/bin/../lib/libLLVM.dylib' (no such file), '<BOXHOME>/lanes/platform-20260917T000530Z/repo/benches/latency/workspace/target/release/deps/libLLVM.dylib' (no such file), '<BOXHOME>/lib/libLLVM.dylib' (no such file), '/usr/local/lib/libLLVM.dylib' (no such file), '/usr/lib/libLLVM.dylib' (no such file, not in dyld cache)
          

warning: `cerulion_macros` (lib) generated 1 warning
warning: stripping debug info with `rust-objcopy` failed: signal: 6 (SIGABRT)
  |
  = note: dyld[1680]: Library not loaded: @rpath/libLLVM.dylib
            Referenced from: <AC0D75A8-23BF-301F-B7CE-3E5CC0C1BC06> <BOXHOME>/.rustup/toolchains/stable-aarch64-apple-darwin/lib/rustlib/aarch64-apple-darwin/bin/rust-objcopy
            Reason: tried: '<BOXHOME>/.rustup/toolchains/stable-aarch64-apple-darwin/lib/rustlib/aarch64-apple-darwin/bin/../lib/libLLVM.dylib' (no such file), '<BOXHOME>/.rustup/toolchains/stable-aarch64-apple-darwin/lib/rustlib/aarch64-apple-darwin/bin/../lib/libLLVM.dylib' (no such file), '<BOXHOME>/lanes/platform-20260917T000530Z/repo/benches/latency/workspace/target/release/deps/libLLVM.dylib' (no such file), '<BOXHOME>/lib/libLLVM.dylib' (no such file), '/usr/local/lib/libLLVM.dylib' (no such file), '/usr/lib/libLLVM.dylib' (no such file, not in dyld cache)
          

warning: `native_ros2_messages` (build script) generated 1 warning
warning: native_ros2_messages@0.1.0: message name 'Pose2D' is defined in multiple packages (geometry_msgs, vision_msgs); unqualified references to it are ambiguous - qualify as pkg/Pose2D in .msg files
   Compiling ping_node v0.1.0 (<BOXHOME>/lanes/platform-20260917T000530Z/repo/benches/latency/workspace/nodes/ping_node)
warning: stripping debug info with `rust-objcopy` failed: signal: 6 (SIGABRT)
  |
  = note: dyld[22705]: Library not loaded: @rpath/libLLVM.dylib
            Referenced from: <AC0D75A8-23BF-301F-B7CE-3E5CC0C1BC06> <BOXHOME>/.rustup/toolchains/stable-aarch64-apple-darwin/lib/rustlib/aarch64-apple-darwin/bin/rust-objcopy
            Reason: tried: '<BOXHOME>/.rustup/toolchains/stable-aarch64-apple-darwin/lib/rustlib/aarch64-apple-darwin/bin/../lib/libLLVM.dylib' (no such file), '<BOXHOME>/.rustup/toolchains/stable-aarch64-apple-darwin/lib/rustlib/aarch64-apple-darwin/bin/../lib/libLLVM.dylib' (no such file), '<BOXHOME>/lanes/platform-20260917T000530Z/repo/benches/latency/workspace/target/release/deps/libLLVM.dylib' (no such file), '<BOXHOME>/lib/libLLVM.dylib' (no such file), '/usr/local/lib/libLLVM.dylib' (no such file), '/usr/lib/libLLVM.dylib' (no such file, not in dyld cache)
          

warning: `ping_node` (lib) generated 1 warning
    Finished `release` profile [optimized] target(s) in 0.69s
[2m2026-09-17T01:23:27.828781Z[0m [32m INFO[0m [2mcerulion_bagd[0m[2m:[0m bagd recording complete [3mfiles[0m[2m=[0m0 [3mmessages[0m[2m=[0m0 [3mbytes[0m[2m=[0m0 [3mring_records[0m[2m=[0m16831 [3mdropped_unwritten[0m[2m=[0m0 [3mheaderless[0m[2m=[0m0 [3mframes_lost[0m[2m=[0m0 [3muntapped[0m[2m=[0m0
[2m2026-09-17T01:23:27.861051Z[0m [32m INFO[0m exit hygiene: reclaimed dead iceoryx2 node state left by earlier runs [3mcleanups[0m[2m=[0m4 [3mdeferred[0m[2m=[0m0 [3mbudget_ms[0m[2m=[0m2000
[2m2026-09-17T01:23:27.861668Z[0m [32m INFO[0m exit hygiene: reclaimed stale shared-memory state left by earlier runs [3msummary[0m[2m=[0mreclaimed 2 stale .shm_state file(s) at exit, releasing 32.0 KiB of orphaned shared memory [3mreclaimed[0m[2m=[0m2 [3mreleased_bytes[0m[2m=[0m32768
-- delivery accounting (leg=split payload=1024) --
   schedule_rate=100Hz effective_rate=100.00Hz (period_ms=10)
RTT_DELIVERY role=latency leg=split received=2100 skipped=0 measured=2100
RTT_DELIVERY role=ping leg=split published=2113 slots_skipped=0
RTT_DELIVERY role=pong leg=split forwarded=2100
[2m2026-09-17T01:23:27.376399Z[0m [32m INFO[0m live loop delivery telemetry [3mnode_id[0m[2m=[0mpong [3minput[0m[2m=[0mping_in [3mfires[0m[2m=[0m2100 [3mdrop_oldest[0m[2m=[0m0
[2m2026-09-17T01:23:27.376404Z[0m [32m INFO[0m live loop delivery telemetry [3mnode_id[0m[2m=[0mlatency [3minput[0m[2m=[0mecho_in [3mfires[0m[2m=[0m2100 [3mdrop_oldest[0m[2m=[0m0
[2m2026-09-17T01:23:27.506292Z[0m [32m INFO[0m live loop delivery telemetry [3mnode_id[0m[2m=[0mping [3mfires[0m[2m=[0m2117
   samples_in_bin=2000 measured=2000 warmup=100

========================================
  payload=4096  pacing=fixed100 rate=100Hz  effective=100.00Hz (period_ms=10)  measured=2000  warmup=100  watchdog=102s
========================================
warning: stripping debug info with `rust-objcopy` failed: signal: 6 (SIGABRT)
  |
  = note: dyld[1528]: Library not loaded: @rpath/libLLVM.dylib
            Referenced from: <AC0D75A8-23BF-301F-B7CE-3E5CC0C1BC06> <BOXHOME>/.rustup/toolchains/stable-aarch64-apple-darwin/lib/rustlib/aarch64-apple-darwin/bin/rust-objcopy
            Reason: tried: '<BOXHOME>/.rustup/toolchains/stable-aarch64-apple-darwin/lib/rustlib/aarch64-apple-darwin/bin/../lib/libLLVM.dylib' (no such file), '<BOXHOME>/.rustup/toolchains/stable-aarch64-apple-darwin/lib/rustlib/aarch64-apple-darwin/bin/../lib/libLLVM.dylib' (no such file), '<BOXHOME>/lanes/platform-20260917T000530Z/repo/benches/latency/workspace/target/release/deps/libLLVM.dylib' (no such file), '<BOXHOME>/lib/libLLVM.dylib' (no such file), '/usr/local/lib/libLLVM.dylib' (no such file), '/usr/lib/libLLVM.dylib' (no such file, not in dyld cache)
          

warning: `cerulion_macros` (lib) generated 1 warning
warning: stripping debug info with `rust-objcopy` failed: signal: 6 (SIGABRT)
  |
  = note: dyld[1680]: Library not loaded: @rpath/libLLVM.dylib
            Referenced from: <AC0D75A8-23BF-301F-B7CE-3E5CC0C1BC06> <BOXHOME>/.rustup/toolchains/stable-aarch64-apple-darwin/lib/rustlib/aarch64-apple-darwin/bin/rust-objcopy
            Reason: tried: '<BOXHOME>/.rustup/toolchains/stable-aarch64-apple-darwin/lib/rustlib/aarch64-apple-darwin/bin/../lib/libLLVM.dylib' (no such file), '<BOXHOME>/.rustup/toolchains/stable-aarch64-apple-darwin/lib/rustlib/aarch64-apple-darwin/bin/../lib/libLLVM.dylib' (no such file), '<BOXHOME>/lanes/platform-20260917T000530Z/repo/benches/latency/workspace/target/release/deps/libLLVM.dylib' (no such file), '<BOXHOME>/lib/libLLVM.dylib' (no such file), '/usr/local/lib/libLLVM.dylib' (no such file), '/usr/lib/libLLVM.dylib' (no such file, not in dyld cache)
          

warning: `native_ros2_messages` (build script) generated 1 warning
warning: native_ros2_messages@0.1.0: message name 'Pose2D' is defined in multiple packages (geometry_msgs, vision_msgs); unqualified references to it are ambiguous - qualify as pkg/Pose2D in .msg files
   Compiling ping_node v0.1.0 (<BOXHOME>/lanes/platform-20260917T000530Z/repo/benches/latency/workspace/nodes/ping_node)
warning: stripping debug info with `rust-objcopy` failed: signal: 6 (SIGABRT)
  |
  = note: dyld[22783]: Library not loaded: @rpath/libLLVM.dylib
            Referenced from: <AC0D75A8-23BF-301F-B7CE-3E5CC0C1BC06> <BOXHOME>/.rustup/toolchains/stable-aarch64-apple-darwin/lib/rustlib/aarch64-apple-darwin/bin/rust-objcopy
            Reason: tried: '<BOXHOME>/.rustup/toolchains/stable-aarch64-apple-darwin/lib/rustlib/aarch64-apple-darwin/bin/../lib/libLLVM.dylib' (no such file), '<BOXHOME>/.rustup/toolchains/stable-aarch64-apple-darwin/lib/rustlib/aarch64-apple-darwin/bin/../lib/libLLVM.dylib' (no such file), '<BOXHOME>/lanes/platform-20260917T000530Z/repo/benches/latency/workspace/target/release/deps/libLLVM.dylib' (no such file), '<BOXHOME>/lib/libLLVM.dylib' (no such file), '/usr/local/lib/libLLVM.dylib' (no such file), '/usr/lib/libLLVM.dylib' (no such file, not in dyld cache)
          

warning: `ping_node` (lib) generated 1 warning
    Finished `release` profile [optimized] target(s) in 0.74s
[2m2026-09-17T01:23:51.799041Z[0m [32m INFO[0m [2mcerulion_bagd[0m[2m:[0m bagd recording complete [3mfiles[0m[2m=[0m0 [3mmessages[0m[2m=[0m0 [3mbytes[0m[2m=[0m0 [3mring_records[0m[2m=[0m16836 [3mdropped_unwritten[0m[2m=[0m0 [3mheaderless[0m[2m=[0m0 [3mframes_lost[0m[2m=[0m0 [3muntapped[0m[2m=[0m0
[2m2026-09-17T01:23:51.881177Z[0m [32m INFO[0m exit hygiene: reclaimed dead iceoryx2 node state left by earlier runs [3mcleanups[0m[2m=[0m4 [3mdeferred[0m[2m=[0m0 [3mbudget_ms[0m[2m=[0m2000
[2m2026-09-17T01:23:51.881721Z[0m [32m INFO[0m exit hygiene: reclaimed stale shared-memory state left by earlier runs [3msummary[0m[2m=[0mreclaimed 1 stale .shm_state file(s) at exit, releasing 16.0 KiB of orphaned shared memory [3mreclaimed[0m[2m=[0m1 [3mreleased_bytes[0m[2m=[0m16384
-- delivery accounting (leg=split payload=4096) --
   schedule_rate=100Hz effective_rate=100.00Hz (period_ms=10)
RTT_DELIVERY role=latency leg=split received=2100 skipped=0 measured=2100
RTT_DELIVERY role=ping leg=split published=2116 slots_skipped=0
RTT_DELIVERY role=pong leg=split forwarded=2100
[2m2026-09-17T01:23:50.368332Z[0m [32m INFO[0m live loop delivery telemetry [3mnode_id[0m[2m=[0mpong [3minput[0m[2m=[0mping_in [3mfires[0m[2m=[0m2100 [3mdrop_oldest[0m[2m=[0m0
[2m2026-09-17T01:23:50.368337Z[0m [32m INFO[0m live loop delivery telemetry [3mnode_id[0m[2m=[0mlatency [3minput[0m[2m=[0mecho_in [3mfires[0m[2m=[0m2100 [3mdrop_oldest[0m[2m=[0m0
[2m2026-09-17T01:23:50.528254Z[0m [32m INFO[0m live loop delivery telemetry [3mnode_id[0m[2m=[0mping [3mfires[0m[2m=[0m2120
   samples_in_bin=2000 measured=2000 warmup=100

========================================
  payload=16384  pacing=fixed100 rate=100Hz  effective=100.00Hz (period_ms=10)  measured=2000  warmup=100  watchdog=102s
========================================
warning: stripping debug info with `rust-objcopy` failed: signal: 6 (SIGABRT)
  |
  = note: dyld[1528]: Library not loaded: @rpath/libLLVM.dylib
            Referenced from: <AC0D75A8-23BF-301F-B7CE-3E5CC0C1BC06> <BOXHOME>/.rustup/toolchains/stable-aarch64-apple-darwin/lib/rustlib/aarch64-apple-darwin/bin/rust-objcopy
            Reason: tried: '<BOXHOME>/.rustup/toolchains/stable-aarch64-apple-darwin/lib/rustlib/aarch64-apple-darwin/bin/../lib/libLLVM.dylib' (no such file), '<BOXHOME>/.rustup/toolchains/stable-aarch64-apple-darwin/lib/rustlib/aarch64-apple-darwin/bin/../lib/libLLVM.dylib' (no such file), '<BOXHOME>/lanes/platform-20260917T000530Z/repo/benches/latency/workspace/target/release/deps/libLLVM.dylib' (no such file), '<BOXHOME>/lib/libLLVM.dylib' (no such file), '/usr/local/lib/libLLVM.dylib' (no such file), '/usr/lib/libLLVM.dylib' (no such file, not in dyld cache)
          

warning: `cerulion_macros` (lib) generated 1 warning
warning: stripping debug info with `rust-objcopy` failed: signal: 6 (SIGABRT)
  |
  = note: dyld[1680]: Library not loaded: @rpath/libLLVM.dylib
            Referenced from: <AC0D75A8-23BF-301F-B7CE-3E5CC0C1BC06> <BOXHOME>/.rustup/toolchains/stable-aarch64-apple-darwin/lib/rustlib/aarch64-apple-darwin/bin/rust-objcopy
            Reason: tried: '<BOXHOME>/.rustup/toolchains/stable-aarch64-apple-darwin/lib/rustlib/aarch64-apple-darwin/bin/../lib/libLLVM.dylib' (no such file), '<BOXHOME>/.rustup/toolchains/stable-aarch64-apple-darwin/lib/rustlib/aarch64-apple-darwin/bin/../lib/libLLVM.dylib' (no such file), '<BOXHOME>/lanes/platform-20260917T000530Z/repo/benches/latency/workspace/target/release/deps/libLLVM.dylib' (no such file), '<BOXHOME>/lib/libLLVM.dylib' (no such file), '/usr/local/lib/libLLVM.dylib' (no such file), '/usr/lib/libLLVM.dylib' (no such file, not in dyld cache)
          

warning: `native_ros2_messages` (build script) generated 1 warning
warning: native_ros2_messages@0.1.0: message name 'Pose2D' is defined in multiple packages (geometry_msgs, vision_msgs); unqualified references to it are ambiguous - qualify as pkg/Pose2D in .msg files
   Compiling ping_node v0.1.0 (<BOXHOME>/lanes/platform-20260917T000530Z/repo/benches/latency/workspace/nodes/ping_node)
warning: stripping debug info with `rust-objcopy` failed: signal: 6 (SIGABRT)
  |
  = note: dyld[22866]: Library not loaded: @rpath/libLLVM.dylib
            Referenced from: <AC0D75A8-23BF-301F-B7CE-3E5CC0C1BC06> <BOXHOME>/.rustup/toolchains/stable-aarch64-apple-darwin/lib/rustlib/aarch64-apple-darwin/bin/rust-objcopy
            Reason: tried: '<BOXHOME>/.rustup/toolchains/stable-aarch64-apple-darwin/lib/rustlib/aarch64-apple-darwin/bin/../lib/libLLVM.dylib' (no such file), '<BOXHOME>/.rustup/toolchains/stable-aarch64-apple-darwin/lib/rustlib/aarch64-apple-darwin/bin/../lib/libLLVM.dylib' (no such file), '<BOXHOME>/lanes/platform-20260917T000530Z/repo/benches/latency/workspace/target/release/deps/libLLVM.dylib' (no such file), '<BOXHOME>/lib/libLLVM.dylib' (no such file), '/usr/local/lib/libLLVM.dylib' (no such file), '/usr/lib/libLLVM.dylib' (no such file, not in dyld cache)
          

warning: `ping_node` (lib) generated 1 warning
    Finished `release` profile [optimized] target(s) in 0.69s
[2m2026-09-17T01:24:15.940441Z[0m [32m INFO[0m [2mcerulion_bagd[0m[2m:[0m bagd recording complete [3mfiles[0m[2m=[0m0 [3mmessages[0m[2m=[0m0 [3mbytes[0m[2m=[0m0 [3mring_records[0m[2m=[0m16849 [3mdropped_unwritten[0m[2m=[0m0 [3mheaderless[0m[2m=[0m0 [3mframes_lost[0m[2m=[0m0 [3muntapped[0m[2m=[0m0
[2m2026-09-17T01:24:15.981074Z[0m [32m INFO[0m exit hygiene: reclaimed dead iceoryx2 node state left by earlier runs [3mcleanups[0m[2m=[0m4 [3mdeferred[0m[2m=[0m0 [3mbudget_ms[0m[2m=[0m2000
[2m2026-09-17T01:24:15.981686Z[0m [32m INFO[0m exit hygiene: reclaimed stale shared-memory state left by earlier runs [3msummary[0m[2m=[0mreclaimed 2 stale .shm_state file(s) at exit, releasing 32.0 KiB of orphaned shared memory [3mreclaimed[0m[2m=[0m2 [3mreleased_bytes[0m[2m=[0m32768
-- delivery accounting (leg=split payload=16384) --
   schedule_rate=100Hz effective_rate=100.00Hz (period_ms=10)
RTT_DELIVERY role=latency leg=split received=2100 skipped=0 measured=2100
RTT_DELIVERY role=ping leg=split published=2123 slots_skipped=0
RTT_DELIVERY role=pong leg=split forwarded=2100
[2m2026-09-17T01:24:14.335913Z[0m [32m INFO[0m live loop delivery telemetry [3mnode_id[0m[2m=[0mpong [3minput[0m[2m=[0mping_in [3mfires[0m[2m=[0m2100 [3mdrop_oldest[0m[2m=[0m0
[2m2026-09-17T01:24:14.335918Z[0m [32m INFO[0m live loop delivery telemetry [3mnode_id[0m[2m=[0mlatency [3minput[0m[2m=[0mecho_in [3mfires[0m[2m=[0m2100 [3mdrop_oldest[0m[2m=[0m0
[2m2026-09-17T01:24:14.565765Z[0m [32m INFO[0m live loop delivery telemetry [3mnode_id[0m[2m=[0mping [3mfires[0m[2m=[0m2127
   samples_in_bin=2000 measured=2000 warmup=100

========================================
  payload=65536  pacing=fixed100 rate=100Hz  effective=100.00Hz (period_ms=10)  measured=2000  warmup=100  watchdog=102s
========================================
warning: stripping debug info with `rust-objcopy` failed: signal: 6 (SIGABRT)
  |
  = note: dyld[1528]: Library not loaded: @rpath/libLLVM.dylib
            Referenced from: <AC0D75A8-23BF-301F-B7CE-3E5CC0C1BC06> <BOXHOME>/.rustup/toolchains/stable-aarch64-apple-darwin/lib/rustlib/aarch64-apple-darwin/bin/rust-objcopy
            Reason: tried: '<BOXHOME>/.rustup/toolchains/stable-aarch64-apple-darwin/lib/rustlib/aarch64-apple-darwin/bin/../lib/libLLVM.dylib' (no such file), '<BOXHOME>/.rustup/toolchains/stable-aarch64-apple-darwin/lib/rustlib/aarch64-apple-darwin/bin/../lib/libLLVM.dylib' (no such file), '<BOXHOME>/lanes/platform-20260917T000530Z/repo/benches/latency/workspace/target/release/deps/libLLVM.dylib' (no such file), '<BOXHOME>/lib/libLLVM.dylib' (no such file), '/usr/local/lib/libLLVM.dylib' (no such file), '/usr/lib/libLLVM.dylib' (no such file, not in dyld cache)
          

warning: `cerulion_macros` (lib) generated 1 warning
warning: stripping debug info with `rust-objcopy` failed: signal: 6 (SIGABRT)
  |
  = note: dyld[1680]: Library not loaded: @rpath/libLLVM.dylib
            Referenced from: <AC0D75A8-23BF-301F-B7CE-3E5CC0C1BC06> <BOXHOME>/.rustup/toolchains/stable-aarch64-apple-darwin/lib/rustlib/aarch64-apple-darwin/bin/rust-objcopy
            Reason: tried: '<BOXHOME>/.rustup/toolchains/stable-aarch64-apple-darwin/lib/rustlib/aarch64-apple-darwin/bin/../lib/libLLVM.dylib' (no such file), '<BOXHOME>/.rustup/toolchains/stable-aarch64-apple-darwin/lib/rustlib/aarch64-apple-darwin/bin/../lib/libLLVM.dylib' (no such file), '<BOXHOME>/lanes/platform-20260917T000530Z/repo/benches/latency/workspace/target/release/deps/libLLVM.dylib' (no such file), '<BOXHOME>/lib/libLLVM.dylib' (no such file), '/usr/local/lib/libLLVM.dylib' (no such file), '/usr/lib/libLLVM.dylib' (no such file, not in dyld cache)
          

warning: `native_ros2_messages` (build script) generated 1 warning
warning: native_ros2_messages@0.1.0: message name 'Pose2D' is defined in multiple packages (geometry_msgs, vision_msgs); unqualified references to it are ambiguous - qualify as pkg/Pose2D in .msg files
   Compiling ping_node v0.1.0 (<BOXHOME>/lanes/platform-20260917T000530Z/repo/benches/latency/workspace/nodes/ping_node)
warning: stripping debug info with `rust-objcopy` failed: signal: 6 (SIGABRT)
  |
  = note: dyld[22944]: Library not loaded: @rpath/libLLVM.dylib
            Referenced from: <AC0D75A8-23BF-301F-B7CE-3E5CC0C1BC06> <BOXHOME>/.rustup/toolchains/stable-aarch64-apple-darwin/lib/rustlib/aarch64-apple-darwin/bin/rust-objcopy
            Reason: tried: '<BOXHOME>/.rustup/toolchains/stable-aarch64-apple-darwin/lib/rustlib/aarch64-apple-darwin/bin/../lib/libLLVM.dylib' (no such file), '<BOXHOME>/.rustup/toolchains/stable-aarch64-apple-darwin/lib/rustlib/aarch64-apple-darwin/bin/../lib/libLLVM.dylib' (no such file), '<BOXHOME>/lanes/platform-20260917T000530Z/repo/benches/latency/workspace/target/release/deps/libLLVM.dylib' (no such file), '<BOXHOME>/lib/libLLVM.dylib' (no such file), '/usr/local/lib/libLLVM.dylib' (no such file), '/usr/lib/libLLVM.dylib' (no such file, not in dyld cache)
          

warning: `ping_node` (lib) generated 1 warning
    Finished `release` profile [optimized] target(s) in 0.68s
[2m2026-09-17T01:24:38.785164Z[0m [32m INFO[0m [2mcerulion_bagd[0m[2m:[0m bagd recording complete [3mfiles[0m[2m=[0m0 [3mmessages[0m[2m=[0m0 [3mbytes[0m[2m=[0m0 [3mring_records[0m[2m=[0m16835 [3mdropped_unwritten[0m[2m=[0m0 [3mheaderless[0m[2m=[0m0 [3mframes_lost[0m[2m=[0m0 [3muntapped[0m[2m=[0m0
[2m2026-09-17T01:24:38.855301Z[0m [32m INFO[0m exit hygiene: reclaimed dead iceoryx2 node state left by earlier runs [3mcleanups[0m[2m=[0m4 [3mdeferred[0m[2m=[0m0 [3mbudget_ms[0m[2m=[0m2000
[2m2026-09-17T01:24:38.855827Z[0m [32m INFO[0m exit hygiene: reclaimed stale shared-memory state left by earlier runs [3msummary[0m[2m=[0mreclaimed 1 stale .shm_state file(s) at exit, releasing 16.0 KiB of orphaned shared memory [3mreclaimed[0m[2m=[0m1 [3mreleased_bytes[0m[2m=[0m16384
-- delivery accounting (leg=split payload=65536) --
   schedule_rate=100Hz effective_rate=100.00Hz (period_ms=10)
RTT_DELIVERY role=latency leg=split received=2100 skipped=0 measured=2100
RTT_DELIVERY role=ping leg=split published=2115 slots_skipped=0
RTT_DELIVERY role=pong leg=split forwarded=2100
[2m2026-09-17T01:24:38.450477Z[0m [32m INFO[0m live loop delivery telemetry [3mnode_id[0m[2m=[0mpong [3minput[0m[2m=[0mping_in [3mfires[0m[2m=[0m2100 [3mdrop_oldest[0m[2m=[0m0
[2m2026-09-17T01:24:38.450482Z[0m [32m INFO[0m live loop delivery telemetry [3mnode_id[0m[2m=[0mlatency [3minput[0m[2m=[0mecho_in [3mfires[0m[2m=[0m2100 [3mdrop_oldest[0m[2m=[0m0
[2m2026-09-17T01:24:38.600369Z[0m [32m INFO[0m live loop delivery telemetry [3mnode_id[0m[2m=[0mping [3mfires[0m[2m=[0m2119
   samples_in_bin=2000 measured=2000 warmup=100

========================================
  payload=262144  pacing=fixed100 rate=100Hz  effective=100.00Hz (period_ms=10)  measured=2000  warmup=100  watchdog=102s
========================================
warning: stripping debug info with `rust-objcopy` failed: signal: 6 (SIGABRT)
  |
  = note: dyld[1528]: Library not loaded: @rpath/libLLVM.dylib
            Referenced from: <AC0D75A8-23BF-301F-B7CE-3E5CC0C1BC06> <BOXHOME>/.rustup/toolchains/stable-aarch64-apple-darwin/lib/rustlib/aarch64-apple-darwin/bin/rust-objcopy
            Reason: tried: '<BOXHOME>/.rustup/toolchains/stable-aarch64-apple-darwin/lib/rustlib/aarch64-apple-darwin/bin/../lib/libLLVM.dylib' (no such file), '<BOXHOME>/.rustup/toolchains/stable-aarch64-apple-darwin/lib/rustlib/aarch64-apple-darwin/bin/../lib/libLLVM.dylib' (no such file), '<BOXHOME>/lanes/platform-20260917T000530Z/repo/benches/latency/workspace/target/release/deps/libLLVM.dylib' (no such file), '<BOXHOME>/lib/libLLVM.dylib' (no such file), '/usr/local/lib/libLLVM.dylib' (no such file), '/usr/lib/libLLVM.dylib' (no such file, not in dyld cache)
          

warning: `cerulion_macros` (lib) generated 1 warning
warning: stripping debug info with `rust-objcopy` failed: signal: 6 (SIGABRT)
  |
  = note: dyld[1680]: Library not loaded: @rpath/libLLVM.dylib
            Referenced from: <AC0D75A8-23BF-301F-B7CE-3E5CC0C1BC06> <BOXHOME>/.rustup/toolchains/stable-aarch64-apple-darwin/lib/rustlib/aarch64-apple-darwin/bin/rust-objcopy
            Reason: tried: '<BOXHOME>/.rustup/toolchains/stable-aarch64-apple-darwin/lib/rustlib/aarch64-apple-darwin/bin/../lib/libLLVM.dylib' (no such file), '<BOXHOME>/.rustup/toolchains/stable-aarch64-apple-darwin/lib/rustlib/aarch64-apple-darwin/bin/../lib/libLLVM.dylib' (no such file), '<BOXHOME>/lanes/platform-20260917T000530Z/repo/benches/latency/workspace/target/release/deps/libLLVM.dylib' (no such file), '<BOXHOME>/lib/libLLVM.dylib' (no such file), '/usr/local/lib/libLLVM.dylib' (no such file), '/usr/lib/libLLVM.dylib' (no such file, not in dyld cache)
          

warning: `native_ros2_messages` (build script) generated 1 warning
warning: native_ros2_messages@0.1.0: message name 'Pose2D' is defined in multiple packages (geometry_msgs, vision_msgs); unqualified references to it are ambiguous - qualify as pkg/Pose2D in .msg files
   Compiling ping_node v0.1.0 (<BOXHOME>/lanes/platform-20260917T000530Z/repo/benches/latency/workspace/nodes/ping_node)
warning: stripping debug info with `rust-objcopy` failed: signal: 6 (SIGABRT)
  |
  = note: dyld[23030]: Library not loaded: @rpath/libLLVM.dylib
            Referenced from: <AC0D75A8-23BF-301F-B7CE-3E5CC0C1BC06> <BOXHOME>/.rustup/toolchains/stable-aarch64-apple-darwin/lib/rustlib/aarch64-apple-darwin/bin/rust-objcopy
            Reason: tried: '<BOXHOME>/.rustup/toolchains/stable-aarch64-apple-darwin/lib/rustlib/aarch64-apple-darwin/bin/../lib/libLLVM.dylib' (no such file), '<BOXHOME>/.rustup/toolchains/stable-aarch64-apple-darwin/lib/rustlib/aarch64-apple-darwin/bin/../lib/libLLVM.dylib' (no such file), '<BOXHOME>/lanes/platform-20260917T000530Z/repo/benches/latency/workspace/target/release/deps/libLLVM.dylib' (no such file), '<BOXHOME>/lib/libLLVM.dylib' (no such file), '/usr/local/lib/libLLVM.dylib' (no such file), '/usr/lib/libLLVM.dylib' (no such file, not in dyld cache)
          

warning: `ping_node` (lib) generated 1 warning
    Finished `release` profile [optimized] target(s) in 0.69s
[2m2026-09-17T01:25:02.976464Z[0m [32m INFO[0m [2mcerulion_bagd[0m[2m:[0m bagd recording complete [3mfiles[0m[2m=[0m0 [3mmessages[0m[2m=[0m0 [3mbytes[0m[2m=[0m0 [3mring_records[0m[2m=[0m16839 [3mdropped_unwritten[0m[2m=[0m0 [3mheaderless[0m[2m=[0m0 [3mframes_lost[0m[2m=[0m0 [3muntapped[0m[2m=[0m0
[2m2026-09-17T01:25:03.040724Z[0m [32m INFO[0m exit hygiene: reclaimed dead iceoryx2 node state left by earlier runs [3mcleanups[0m[2m=[0m4 [3mdeferred[0m[2m=[0m0 [3mbudget_ms[0m[2m=[0m2000
[2m2026-09-17T01:25:03.041215Z[0m [32m INFO[0m exit hygiene: reclaimed stale shared-memory state left by earlier runs [3msummary[0m[2m=[0mreclaimed 2 stale .shm_state file(s) at exit, releasing 32.0 KiB of orphaned shared memory [3mreclaimed[0m[2m=[0m2 [3mreleased_bytes[0m[2m=[0m32768
-- delivery accounting (leg=split payload=262144) --
   schedule_rate=100Hz effective_rate=100.00Hz (period_ms=10)
RTT_DELIVERY role=latency leg=split received=2100 skipped=0 measured=2100
RTT_DELIVERY role=ping leg=split published=2117 slots_skipped=0
RTT_DELIVERY role=pong leg=split forwarded=2100
[2m2026-09-17T01:25:01.413362Z[0m [32m INFO[0m live loop delivery telemetry [3mnode_id[0m[2m=[0mpong [3minput[0m[2m=[0mping_in [3mfires[0m[2m=[0m2100 [3mdrop_oldest[0m[2m=[0m0
[2m2026-09-17T01:25:01.413367Z[0m [32m INFO[0m live loop delivery telemetry [3mnode_id[0m[2m=[0mlatency [3minput[0m[2m=[0mecho_in [3mfires[0m[2m=[0m2100 [3mdrop_oldest[0m[2m=[0m0
[2m2026-09-17T01:25:01.583273Z[0m [32m INFO[0m live loop delivery telemetry [3mnode_id[0m[2m=[0mping [3mfires[0m[2m=[0m2121
   samples_in_bin=2000 measured=2000 warmup=100

========================================
  payload=1048576  pacing=fixed100 rate=100Hz  effective=100.00Hz (period_ms=10)  measured=2000  warmup=100  watchdog=102s
========================================
warning: stripping debug info with `rust-objcopy` failed: signal: 6 (SIGABRT)
  |
  = note: dyld[1528]: Library not loaded: @rpath/libLLVM.dylib
            Referenced from: <AC0D75A8-23BF-301F-B7CE-3E5CC0C1BC06> <BOXHOME>/.rustup/toolchains/stable-aarch64-apple-darwin/lib/rustlib/aarch64-apple-darwin/bin/rust-objcopy
            Reason: tried: '<BOXHOME>/.rustup/toolchains/stable-aarch64-apple-darwin/lib/rustlib/aarch64-apple-darwin/bin/../lib/libLLVM.dylib' (no such file), '<BOXHOME>/.rustup/toolchains/stable-aarch64-apple-darwin/lib/rustlib/aarch64-apple-darwin/bin/../lib/libLLVM.dylib' (no such file), '<BOXHOME>/lanes/platform-20260917T000530Z/repo/benches/latency/workspace/target/release/deps/libLLVM.dylib' (no such file), '<BOXHOME>/lib/libLLVM.dylib' (no such file), '/usr/local/lib/libLLVM.dylib' (no such file), '/usr/lib/libLLVM.dylib' (no such file, not in dyld cache)
          

warning: `cerulion_macros` (lib) generated 1 warning
warning: stripping debug info with `rust-objcopy` failed: signal: 6 (SIGABRT)
  |
  = note: dyld[1680]: Library not loaded: @rpath/libLLVM.dylib
            Referenced from: <AC0D75A8-23BF-301F-B7CE-3E5CC0C1BC06> <BOXHOME>/.rustup/toolchains/stable-aarch64-apple-darwin/lib/rustlib/aarch64-apple-darwin/bin/rust-objcopy
            Reason: tried: '<BOXHOME>/.rustup/toolchains/stable-aarch64-apple-darwin/lib/rustlib/aarch64-apple-darwin/bin/../lib/libLLVM.dylib' (no such file), '<BOXHOME>/.rustup/toolchains/stable-aarch64-apple-darwin/lib/rustlib/aarch64-apple-darwin/bin/../lib/libLLVM.dylib' (no such file), '<BOXHOME>/lanes/platform-20260917T000530Z/repo/benches/latency/workspace/target/release/deps/libLLVM.dylib' (no such file), '<BOXHOME>/lib/libLLVM.dylib' (no such file), '/usr/local/lib/libLLVM.dylib' (no such file), '/usr/lib/libLLVM.dylib' (no such file, not in dyld cache)
          

warning: `native_ros2_messages` (build script) generated 1 warning
warning: native_ros2_messages@0.1.0: message name 'Pose2D' is defined in multiple packages (geometry_msgs, vision_msgs); unqualified references to it are ambiguous - qualify as pkg/Pose2D in .msg files
   Compiling ping_node v0.1.0 (<BOXHOME>/lanes/platform-20260917T000530Z/repo/benches/latency/workspace/nodes/ping_node)
warning: stripping debug info with `rust-objcopy` failed: signal: 6 (SIGABRT)
  |
  = note: dyld[23239]: Library not loaded: @rpath/libLLVM.dylib
            Referenced from: <AC0D75A8-23BF-301F-B7CE-3E5CC0C1BC06> <BOXHOME>/.rustup/toolchains/stable-aarch64-apple-darwin/lib/rustlib/aarch64-apple-darwin/bin/rust-objcopy
            Reason: tried: '<BOXHOME>/.rustup/toolchains/stable-aarch64-apple-darwin/lib/rustlib/aarch64-apple-darwin/bin/../lib/libLLVM.dylib' (no such file), '<BOXHOME>/.rustup/toolchains/stable-aarch64-apple-darwin/lib/rustlib/aarch64-apple-darwin/bin/../lib/libLLVM.dylib' (no such file), '<BOXHOME>/lanes/platform-20260917T000530Z/repo/benches/latency/workspace/target/release/deps/libLLVM.dylib' (no such file), '<BOXHOME>/lib/libLLVM.dylib' (no such file), '/usr/local/lib/libLLVM.dylib' (no such file), '/usr/lib/libLLVM.dylib' (no such file, not in dyld cache)
          

warning: `ping_node` (lib) generated 1 warning
    Finished `release` profile [optimized] target(s) in 0.70s
[2m2026-09-17T01:25:26.789339Z[0m [32m INFO[0m [2mcerulion_bagd[0m[2m:[0m bagd recording complete [3mfiles[0m[2m=[0m0 [3mmessages[0m[2m=[0m0 [3mbytes[0m[2m=[0m0 [3mring_records[0m[2m=[0m16811 [3mdropped_unwritten[0m[2m=[0m0 [3mheaderless[0m[2m=[0m0 [3mframes_lost[0m[2m=[0m0 [3muntapped[0m[2m=[0m0
[2m2026-09-17T01:25:26.927280Z[0m [32m INFO[0m exit hygiene: reclaimed dead iceoryx2 node state left by earlier runs [3mcleanups[0m[2m=[0m4 [3mdeferred[0m[2m=[0m0 [3mbudget_ms[0m[2m=[0m2000
[2m2026-09-17T01:25:26.927797Z[0m [32m INFO[0m exit hygiene: reclaimed stale shared-memory state left by earlier runs [3msummary[0m[2m=[0mreclaimed 1 stale .shm_state file(s) at exit, releasing 16.0 KiB of orphaned shared memory [3mreclaimed[0m[2m=[0m1 [3mreleased_bytes[0m[2m=[0m16384
-- delivery accounting (leg=split payload=1048576) --
   schedule_rate=100Hz effective_rate=100.00Hz (period_ms=10)
RTT_DELIVERY role=latency leg=split received=2100 skipped=0 measured=2100
RTT_DELIVERY role=ping leg=split published=2103 slots_skipped=0
RTT_DELIVERY role=pong leg=split forwarded=2100
[2m2026-09-17T01:25:25.476045Z[0m [32m INFO[0m live loop delivery telemetry [3mnode_id[0m[2m=[0mpong [3minput[0m[2m=[0mping_in [3mfires[0m[2m=[0m2100 [3mdrop_oldest[0m[2m=[0m0
[2m2026-09-17T01:25:25.476049Z[0m [32m INFO[0m live loop delivery telemetry [3mnode_id[0m[2m=[0mlatency [3minput[0m[2m=[0mecho_in [3mfires[0m[2m=[0m2100 [3mdrop_oldest[0m[2m=[0m0
[2m2026-09-17T01:25:25.505967Z[0m [32m INFO[0m live loop delivery telemetry [3mnode_id[0m[2m=[0mping [3mfires[0m[2m=[0m2107
   samples_in_bin=2000 measured=2000 warmup=100

========================================
  payload=4194304  pacing=fixed100 rate=100Hz  effective=100.00Hz (period_ms=10)  measured=2000  warmup=100  watchdog=102s
========================================
warning: stripping debug info with `rust-objcopy` failed: signal: 6 (SIGABRT)
  |
  = note: dyld[1528]: Library not loaded: @rpath/libLLVM.dylib
            Referenced from: <AC0D75A8-23BF-301F-B7CE-3E5CC0C1BC06> <BOXHOME>/.rustup/toolchains/stable-aarch64-apple-darwin/lib/rustlib/aarch64-apple-darwin/bin/rust-objcopy
            Reason: tried: '<BOXHOME>/.rustup/toolchains/stable-aarch64-apple-darwin/lib/rustlib/aarch64-apple-darwin/bin/../lib/libLLVM.dylib' (no such file), '<BOXHOME>/.rustup/toolchains/stable-aarch64-apple-darwin/lib/rustlib/aarch64-apple-darwin/bin/../lib/libLLVM.dylib' (no such file), '<BOXHOME>/lanes/platform-20260917T000530Z/repo/benches/latency/workspace/target/release/deps/libLLVM.dylib' (no such file), '<BOXHOME>/lib/libLLVM.dylib' (no such file), '/usr/local/lib/libLLVM.dylib' (no such file), '/usr/lib/libLLVM.dylib' (no such file, not in dyld cache)
          

warning: `cerulion_macros` (lib) generated 1 warning
warning: stripping debug info with `rust-objcopy` failed: signal: 6 (SIGABRT)
  |
  = note: dyld[1680]: Library not loaded: @rpath/libLLVM.dylib
            Referenced from: <AC0D75A8-23BF-301F-B7CE-3E5CC0C1BC06> <BOXHOME>/.rustup/toolchains/stable-aarch64-apple-darwin/lib/rustlib/aarch64-apple-darwin/bin/rust-objcopy
            Reason: tried: '<BOXHOME>/.rustup/toolchains/stable-aarch64-apple-darwin/lib/rustlib/aarch64-apple-darwin/bin/../lib/libLLVM.dylib' (no such file), '<BOXHOME>/.rustup/toolchains/stable-aarch64-apple-darwin/lib/rustlib/aarch64-apple-darwin/bin/../lib/libLLVM.dylib' (no such file), '<BOXHOME>/lanes/platform-20260917T000530Z/repo/benches/latency/workspace/target/release/deps/libLLVM.dylib' (no such file), '<BOXHOME>/lib/libLLVM.dylib' (no such file), '/usr/local/lib/libLLVM.dylib' (no such file), '/usr/lib/libLLVM.dylib' (no such file, not in dyld cache)
          

warning: `native_ros2_messages` (build script) generated 1 warning
warning: native_ros2_messages@0.1.0: message name 'Pose2D' is defined in multiple packages (geometry_msgs, vision_msgs); unqualified references to it are ambiguous - qualify as pkg/Pose2D in .msg files
   Compiling ping_node v0.1.0 (<BOXHOME>/lanes/platform-20260917T000530Z/repo/benches/latency/workspace/nodes/ping_node)
warning: stripping debug info with `rust-objcopy` failed: signal: 6 (SIGABRT)
  |
  = note: dyld[23329]: Library not loaded: @rpath/libLLVM.dylib
            Referenced from: <AC0D75A8-23BF-301F-B7CE-3E5CC0C1BC06> <BOXHOME>/.rustup/toolchains/stable-aarch64-apple-darwin/lib/rustlib/aarch64-apple-darwin/bin/rust-objcopy
            Reason: tried: '<BOXHOME>/.rustup/toolchains/stable-aarch64-apple-darwin/lib/rustlib/aarch64-apple-darwin/bin/../lib/libLLVM.dylib' (no such file), '<BOXHOME>/.rustup/toolchains/stable-aarch64-apple-darwin/lib/rustlib/aarch64-apple-darwin/bin/../lib/libLLVM.dylib' (no such file), '<BOXHOME>/lanes/platform-20260917T000530Z/repo/benches/latency/workspace/target/release/deps/libLLVM.dylib' (no such file), '<BOXHOME>/lib/libLLVM.dylib' (no such file), '/usr/local/lib/libLLVM.dylib' (no such file), '/usr/lib/libLLVM.dylib' (no such file, not in dyld cache)
          

warning: `ping_node` (lib) generated 1 warning
    Finished `release` profile [optimized] target(s) in 2.06s
[2m2026-09-17T01:25:51.105238Z[0m [32m INFO[0m [2mcerulion_bagd[0m[2m:[0m bagd recording complete [3mfiles[0m[2m=[0m0 [3mmessages[0m[2m=[0m0 [3mbytes[0m[2m=[0m0 [3mring_records[0m[2m=[0m16813 [3mdropped_unwritten[0m[2m=[0m0 [3mheaderless[0m[2m=[0m0 [3mframes_lost[0m[2m=[0m0 [3muntapped[0m[2m=[0m0
[2m2026-09-17T01:25:51.141269Z[0m [32m INFO[0m exit hygiene: reclaimed dead iceoryx2 node state left by earlier runs [3mcleanups[0m[2m=[0m4 [3mdeferred[0m[2m=[0m0 [3mbudget_ms[0m[2m=[0m2000
[2m2026-09-17T01:25:51.141966Z[0m [32m INFO[0m exit hygiene: reclaimed stale shared-memory state left by earlier runs [3msummary[0m[2m=[0mreclaimed 2 stale .shm_state file(s) at exit, releasing 32.0 KiB of orphaned shared memory [3mreclaimed[0m[2m=[0m2 [3mreleased_bytes[0m[2m=[0m32768
-- delivery accounting (leg=split payload=4194304) --
   schedule_rate=100Hz effective_rate=100.00Hz (period_ms=10)
RTT_DELIVERY role=latency leg=split received=2100 skipped=0 measured=2100
RTT_DELIVERY role=ping leg=split published=2104 slots_skipped=0
RTT_DELIVERY role=pong leg=split forwarded=2100
[2m2026-09-17T01:25:50.740085Z[0m [32m INFO[0m live loop delivery telemetry [3mnode_id[0m[2m=[0mpong [3minput[0m[2m=[0mping_in [3mfires[0m[2m=[0m2100 [3mdrop_oldest[0m[2m=[0m0
[2m2026-09-17T01:25:50.740090Z[0m [32m INFO[0m live loop delivery telemetry [3mnode_id[0m[2m=[0mlatency [3minput[0m[2m=[0mecho_in [3mfires[0m[2m=[0m2100 [3mdrop_oldest[0m[2m=[0m0
[2m2026-09-17T01:25:50.779956Z[0m [32m INFO[0m live loop delivery telemetry [3mnode_id[0m[2m=[0mping [3mfires[0m[2m=[0m2108
   samples_in_bin=2000 measured=2000 warmup=100

========================================
  payload=16777216  pacing=fixed100 rate=100Hz  effective=100.00Hz (period_ms=10)  measured=2000  warmup=100  watchdog=102s
========================================
warning: stripping debug info with `rust-objcopy` failed: signal: 6 (SIGABRT)
  |
  = note: dyld[1528]: Library not loaded: @rpath/libLLVM.dylib
            Referenced from: <AC0D75A8-23BF-301F-B7CE-3E5CC0C1BC06> <BOXHOME>/.rustup/toolchains/stable-aarch64-apple-darwin/lib/rustlib/aarch64-apple-darwin/bin/rust-objcopy
            Reason: tried: '<BOXHOME>/.rustup/toolchains/stable-aarch64-apple-darwin/lib/rustlib/aarch64-apple-darwin/bin/../lib/libLLVM.dylib' (no such file), '<BOXHOME>/.rustup/toolchains/stable-aarch64-apple-darwin/lib/rustlib/aarch64-apple-darwin/bin/../lib/libLLVM.dylib' (no such file), '<BOXHOME>/lanes/platform-20260917T000530Z/repo/benches/latency/workspace/target/release/deps/libLLVM.dylib' (no such file), '<BOXHOME>/lib/libLLVM.dylib' (no such file), '/usr/local/lib/libLLVM.dylib' (no such file), '/usr/lib/libLLVM.dylib' (no such file, not in dyld cache)
          

warning: `cerulion_macros` (lib) generated 1 warning
warning: stripping debug info with `rust-objcopy` failed: signal: 6 (SIGABRT)
  |
  = note: dyld[1680]: Library not loaded: @rpath/libLLVM.dylib
            Referenced from: <AC0D75A8-23BF-301F-B7CE-3E5CC0C1BC06> <BOXHOME>/.rustup/toolchains/stable-aarch64-apple-darwin/lib/rustlib/aarch64-apple-darwin/bin/rust-objcopy
            Reason: tried: '<BOXHOME>/.rustup/toolchains/stable-aarch64-apple-darwin/lib/rustlib/aarch64-apple-darwin/bin/../lib/libLLVM.dylib' (no such file), '<BOXHOME>/.rustup/toolchains/stable-aarch64-apple-darwin/lib/rustlib/aarch64-apple-darwin/bin/../lib/libLLVM.dylib' (no such file), '<BOXHOME>/lanes/platform-20260917T000530Z/repo/benches/latency/workspace/target/release/deps/libLLVM.dylib' (no such file), '<BOXHOME>/lib/libLLVM.dylib' (no such file), '/usr/local/lib/libLLVM.dylib' (no such file), '/usr/lib/libLLVM.dylib' (no such file, not in dyld cache)
          

warning: `native_ros2_messages` (build script) generated 1 warning
warning: native_ros2_messages@0.1.0: message name 'Pose2D' is defined in multiple packages (geometry_msgs, vision_msgs); unqualified references to it are ambiguous - qualify as pkg/Pose2D in .msg files
   Compiling ping_node v0.1.0 (<BOXHOME>/lanes/platform-20260917T000530Z/repo/benches/latency/workspace/nodes/ping_node)
warning: stripping debug info with `rust-objcopy` failed: signal: 6 (SIGABRT)
  |
  = note: dyld[23410]: Library not loaded: @rpath/libLLVM.dylib
            Referenced from: <AC0D75A8-23BF-301F-B7CE-3E5CC0C1BC06> <BOXHOME>/.rustup/toolchains/stable-aarch64-apple-darwin/lib/rustlib/aarch64-apple-darwin/bin/rust-objcopy
            Reason: tried: '<BOXHOME>/.rustup/toolchains/stable-aarch64-apple-darwin/lib/rustlib/aarch64-apple-darwin/bin/../lib/libLLVM.dylib' (no such file), '<BOXHOME>/.rustup/toolchains/stable-aarch64-apple-darwin/lib/rustlib/aarch64-apple-darwin/bin/../lib/libLLVM.dylib' (no such file), '<BOXHOME>/lanes/platform-20260917T000530Z/repo/benches/latency/workspace/target/release/deps/libLLVM.dylib' (no such file), '<BOXHOME>/lib/libLLVM.dylib' (no such file), '/usr/local/lib/libLLVM.dylib' (no such file), '/usr/lib/libLLVM.dylib' (no such file, not in dyld cache)
          

warning: `ping_node` (lib) generated 1 warning
    Finished `release` profile [optimized] target(s) in 1.76s
[2m2026-09-17T01:26:16.305636Z[0m [32m INFO[0m [2mcerulion_bagd[0m[2m:[0m bagd recording complete [3mfiles[0m[2m=[0m0 [3mmessages[0m[2m=[0m0 [3mbytes[0m[2m=[0m0 [3mring_records[0m[2m=[0m16831 [3mdropped_unwritten[0m[2m=[0m0 [3mheaderless[0m[2m=[0m0 [3mframes_lost[0m[2m=[0m0 [3muntapped[0m[2m=[0m0
[2m2026-09-17T01:26:16.416185Z[0m [32m INFO[0m exit hygiene: reclaimed dead iceoryx2 node state left by earlier runs [3mcleanups[0m[2m=[0m4 [3mdeferred[0m[2m=[0m0 [3mbudget_ms[0m[2m=[0m2000
[2m2026-09-17T01:26:16.417173Z[0m [32m INFO[0m exit hygiene: reclaimed stale shared-memory state left by earlier runs [3msummary[0m[2m=[0mreclaimed 1 stale .shm_state file(s) at exit, releasing 16.0 KiB of orphaned shared memory [3mreclaimed[0m[2m=[0m1 [3mreleased_bytes[0m[2m=[0m16384
-- delivery accounting (leg=split payload=16777216) --
   schedule_rate=100Hz effective_rate=100.00Hz (period_ms=10)
RTT_DELIVERY role=latency leg=split received=2100 skipped=0 measured=2100
RTT_DELIVERY role=ping leg=split published=2113 slots_skipped=0
RTT_DELIVERY role=pong leg=split forwarded=2100
[2m2026-09-17T01:26:14.665564Z[0m [32m INFO[0m live loop delivery telemetry [3mnode_id[0m[2m=[0mpong [3minput[0m[2m=[0mping_in [3mfires[0m[2m=[0m2100 [3mdrop_oldest[0m[2m=[0m0
[2m2026-09-17T01:26:14.665594Z[0m [32m INFO[0m live loop delivery telemetry [3mnode_id[0m[2m=[0mlatency [3minput[0m[2m=[0mecho_in [3mfires[0m[2m=[0m2100 [3mdrop_oldest[0m[2m=[0m0
[2m2026-09-17T01:26:14.794943Z[0m [32m INFO[0m live loop delivery telemetry [3mnode_id[0m[2m=[0mping [3mfires[0m[2m=[0m2117
   samples_in_bin=2000 measured=2000 warmup=100

========================================
  Done - leg=split raw .bin samples in <BOXHOME>/lanes/platform-20260917T000530Z/run-platform/rep5/raw
  (percentiles are computed OFFLINE from the .bins - compile_csv.py)
========================================
-rw-r--r--  1 root  staff  16000 Sep 16 18:23 <BOXHOME>/lanes/platform-20260917T000530Z/run-platform/rep5/raw/cerulion_workspace_split_chrt0_1024.bin
-rw-r--r--  1 root  staff  16000 Sep 16 18:25 <BOXHOME>/lanes/platform-20260917T000530Z/run-platform/rep5/raw/cerulion_workspace_split_chrt0_1048576.bin
-rw-r--r--  1 root  staff  16000 Sep 16 18:24 <BOXHOME>/lanes/platform-20260917T000530Z/run-platform/rep5/raw/cerulion_workspace_split_chrt0_16384.bin
-rw-r--r--  1 root  staff  16000 Sep 16 18:26 <BOXHOME>/lanes/platform-20260917T000530Z/run-platform/rep5/raw/cerulion_workspace_split_chrt0_16777216.bin
-rw-r--r--  1 root  staff  16000 Sep 16 18:23 <BOXHOME>/lanes/platform-20260917T000530Z/run-platform/rep5/raw/cerulion_workspace_split_chrt0_256.bin
-rw-r--r--  1 root  staff  16000 Sep 16 18:25 <BOXHOME>/lanes/platform-20260917T000530Z/run-platform/rep5/raw/cerulion_workspace_split_chrt0_262144.bin
-rw-r--r--  1 root  staff  16000 Sep 16 18:23 <BOXHOME>/lanes/platform-20260917T000530Z/run-platform/rep5/raw/cerulion_workspace_split_chrt0_4096.bin
-rw-r--r--  1 root  staff  16000 Sep 16 18:25 <BOXHOME>/lanes/platform-20260917T000530Z/run-platform/rep5/raw/cerulion_workspace_split_chrt0_4194304.bin
-rw-r--r--  1 root  staff  16000 Sep 16 18:22 <BOXHOME>/lanes/platform-20260917T000530Z/run-platform/rep5/raw/cerulion_workspace_split_chrt0_64.bin
-rw-r--r--  1 root  staff  16000 Sep 16 18:24 <BOXHOME>/lanes/platform-20260917T000530Z/run-platform/rep5/raw/cerulion_workspace_split_chrt0_65536.bin
